wrote src/trig_gen.cairo, tests/trig.cairo, tests/correctness_trig.cairo
 2.278e-08  sin: cubit `sin` (Taylor recursion, 8 terms)
 4.705e-06  sin: cubit `sin_fast` (if-tree LUT, 256 slots + lerp)
 2.683e-09  sin: ours, Horner polynomial, sin deg 7 / cos deg 8, |x| <= 7
 2.655e-09  cos: ours, Horner polynomial, sin deg 7 / cos deg 8, |x| <= 7
 4.741e-10  sin: ours, Horner polynomial, sin deg 9 / cos deg 10 **(benchmarked)**, |x| <= 7
 4.147e-10  cos: ours, Horner polynomial, sin deg 9 / cos deg 10 **(benchmarked)**, |x| <= 7
 4.741e-10  sin: ours, Horner polynomial, sin deg 11 / cos deg 12, |x| <= 7
 4.147e-10  cos: ours, Horner polynomial, sin deg 11 / cos deg 12, |x| <= 7
 3.880e-08  sin: ours, Horner polynomial (benchmarked), |x| <= 1000 (phase error of the Q32.32 pi/4 constant grows with |x|)
 1.907e-06  sin: ours, const-array LUT + lerp, step 2^24 raw = 2^-8 rad, 2 x 203 entries
 4.770e-07  sin: ours, const-array LUT + lerp, step 2^23 raw = 2^-9 rad, 2 x 404 entries
 1.194e-07  sin: ours, const-array LUT + lerp, step 2^22 raw = 2^-10 rad, 2 x 806 entries **(benchmarked)**
 3.003e-08  sin: ours, const-array LUT + lerp, step 2^21 raw = 2^-11 rad, 2 x 1610 entries
 7.723e-09  sin: ours, const-array LUT + lerp, step 2^20 raw = 2^-12 rad, 2 x 3218 entries
 1.568e-09  atan: cubit `atan` (2 range reductions + degree-10 Horner)
 3.977e-06  atan: cubit `atan_fast` (99-way if-chain LUT + lerp)
 1.171e-08  atan2: ours, 1 division + 8 segments x degree-4 Horner
 7.848e-10  atan2: ours, 1 division + 8 segments x degree-5 Horner **(benchmarked)**
 5.718e-10  atan2: ours, 1 division + 8 segments x degree-6 Horner
 2.858e-06  acos: cubit `acos` (sqrt + asin -> div + atan)
 3.978e-06  acos: cubit `acos_fast`
 2.532e-08  acos: ours, sqrt(1-|x|) * P(|x|), degree 7
 7.573e-10  acos: ours, sqrt(1-|x|) * P(|x|), degree 10 **(benchmarked)**
 6.967e-10  acos: ours, sqrt(1-|x|) * P(|x|), degree 12
