# bench: l2_gas steps range_check bitwise other_builtins
bench_affine3::abs_diff_eq_false: 3650 25 2 0 0
bench_affine3::abs_diff_eq_true: 16320 144 24 0 0
bench_affine3::alt_inv_mul_composed: 33020 287 60 0 0
bench_affine3::alt_inv_mul_sub_first: 28100 242 54 0 0
bench_affine3::alt_inverse_cramer: 54430 459 104 0 0
bench_affine3::alt_inverse_rigid_neg_after: 8960 80 12 0 0
bench_affine3::alt_inverse_two_stage: 54470 457 96 0 0
bench_affine3::alt_mul_mat4_embed: 35280 308 64 0 0
bench_affine3::alt_mul_unfused: 28400 245 54 0 0
bench_affine3::from_axis_angle: 50980 412 100 0 0
bench_affine3::from_cols: 1200 12 0 0 0
bench_affine3::from_cols_array: 1200 12 0 0 0
bench_affine3::from_cols_array_2d: 1200 12 0 0 0
bench_affine3::from_mat3: 1200 12 0 0 0
bench_affine3::from_mat3_translation: 1200 12 0 0 0
bench_affine3::from_mat4: 1200 12 0 0 0
bench_affine3::from_quat: 20960 179 42 0 0
bench_affine3::from_rotation_translation: 20960 179 42 0 0
bench_affine3::from_rotation_x: 32500 255 62 0 0
bench_affine3::from_rotation_y: 32500 255 62 0 0
bench_affine3::from_rotation_z: 32500 255 62 0 0
bench_affine3::from_scale: 1200 12 0 0 0
bench_affine3::from_scale_rotation_translation: 20960 179 42 0 0
bench_affine3::from_translation: 1200 12 0 0 0
bench_affine3::into_mat4: 1600 16 0 0 0
bench_affine3::inv_mul: 27680 242 48 0 0
bench_affine3::inverse: 48490 408 92 0 0
bench_affine3::inverse_rigid: 8360 74 12 0 0
bench_affine3::look_at_lh: 45590 387 82 0 0
bench_affine3::look_at_rh: 44990 381 82 0 0
bench_affine3::look_to_lh: 43370 369 76 0 0
bench_affine3::look_to_rh: 42770 363 76 0 0
bench_affine3::mul_affine3: 26480 230 48 0 0
bench_affine3::mul_assign: 26480 230 48 0 0
bench_affine3::mul_mat4: 27760 244 48 0 0
bench_affine3::quat_from_affine3_w: 19770 163 42 0 0
bench_affine3::quat_from_affine3_x: 19770 162 42 0 0
bench_affine3::to_cols_array: 1200 12 0 0 0
bench_affine3::to_cols_array_2d: 1200 12 0 0 0
bench_affine3::to_scale_rotation_translation_w: 54160 451 113 0 0
bench_affine3::to_scale_rotation_translation_x: 54160 450 113 0 0
bench_affine3::transform_point3: 7760 68 12 0 0
bench_affine3::transform_vector3: 7160 62 12 0 0
