# bench: l2_gas steps range_check bitwise other_builtins
bench_bvec4::all_first: 300 3 0 0 0
bench_bvec4::all_last: 300 3 0 0 0
bench_bvec4::alt_all_eager_first: 300 3 0 0 0
bench_bvec4::alt_all_eager_last: 300 3 0 0 0
bench_bvec4::alt_all_eq_true_first: 2420 22 0 0 0
bench_bvec4::alt_all_eq_true_last: 3180 30 0 0 0
bench_bvec4::alt_all_felt_match_first: 800 8 0 0 0
bench_bvec4::alt_all_felt_match_last: 800 8 0 0 0
bench_bvec4::alt_all_felt_product_first: 800 8 0 0 0
bench_bvec4::alt_all_felt_product_last: 800 8 0 0 0
bench_bvec4::alt_all_felt_sum_first: 800 8 0 0 0
bench_bvec4::alt_all_felt_sum_last: 800 8 0 0 0
bench_bvec4::alt_all_if_chain_first: 600 6 0 0 0
bench_bvec4::alt_all_if_chain_last: 600 6 0 0 0
bench_bvec4::alt_all_short_circuit_first: 700 7 0 0 0
bench_bvec4::alt_all_short_circuit_last: 600 6 0 0 0
bench_bvec4::alt_any_eager_first: 900 9 0 0 0
bench_bvec4::alt_any_eager_last: 900 9 0 0 0
bench_bvec4::alt_any_felt_first: 800 8 0 0 0
bench_bvec4::alt_any_felt_last: 800 8 0 0 0
bench_bvec4::alt_any_felt_match_first: 600 6 0 0 0
bench_bvec4::alt_any_felt_match_last: 600 6 0 0 0
bench_bvec4::alt_any_hybrid_first: 720 7 0 0 0
bench_bvec4::alt_any_hybrid_last: 900 9 0 0 0
bench_bvec4::alt_any_if_chain_first: 300 3 0 0 0
bench_bvec4::alt_any_if_chain_last: 600 6 0 0 0
bench_bvec4::alt_any_ne_false_first: 2340 21 0 0 0
bench_bvec4::alt_any_ne_false_last: 3640 35 0 0 0
bench_bvec4::alt_any_short_circuit_first: 300 3 0 0 0
bench_bvec4::alt_any_short_circuit_last: 600 6 0 0 0
bench_bvec4::alt_bitand_short_circuit: 1700 17 0 0 0
bench_bvec4::alt_bitmask_felt: 1240 11 2 0 0
bench_bvec4::alt_bitmask_if_add: 3730 34 3 0 0
bench_bvec4::alt_bitmask_if_add_felt: 3160 29 2 0 0
bench_bvec4::alt_bitmask_if_tree: 1620 15 0 0 0
bench_bvec4::alt_bitmask_if_tree_lsb: 1620 15 0 0 0
bench_bvec4::alt_bitmask_match: 1620 15 0 0 0
bench_bvec4::alt_bitor_short_circuit: 1700 17 0 0 0
bench_bvec4::alt_bitor_xor_and: 1600 16 0 0 0
bench_bvec4::alt_bitxor_ne: 1820 18 0 0 0
bench_bvec4::alt_not_if: 1800 18 0 0 0
bench_bvec4::alt_not_xor_true: 800 8 0 0 0
bench_bvec4::alt_set_if_chain_first: 1750 16 0 0 0
bench_bvec4::alt_set_if_chain_last: 2420 23 0 0 0
bench_bvec4::alt_set_match_first: 830 8 0 0 0
bench_bvec4::alt_set_match_last: 1200 12 0 0 0
bench_bvec4::alt_set_match_noinline_first: 3000 21 0 0 0
bench_bvec4::alt_set_match_noinline_last: 3000 26 0 0 0
bench_bvec4::alt_set_match_rebuild_first: 830 8 0 0 0
bench_bvec4::alt_set_match_rebuild_last: 1200 12 0 0 0
bench_bvec4::alt_test_bitmask_first: 4670 41 6 0 0
bench_bvec4::alt_test_bitmask_last: 5040 45 6 0 0
bench_bvec4::alt_test_if_chain_first: 530 5 0 0 0
bench_bvec4::alt_test_if_chain_last: 1100 11 0 0 0
bench_bvec4::alt_test_match_first: 530 5 0 0 0
bench_bvec4::alt_test_match_last: 900 9 0 0 0
bench_bvec4::alt_test_match_noinline_first: 2800 14 0 0 0
bench_bvec4::alt_test_match_noinline_last: 2800 20 0 0 0
bench_bvec4::alt_test_span_first: 1630 16 1 0 0
bench_bvec4::alt_test_span_last: 1630 16 1 0 0
bench_bvec4::any_first: 300 3 0 0 0
bench_bvec4::any_last: 600 6 0 0 0
bench_bvec4::bitand: 0 0 0 0 0
bench_bvec4::bitmask: 1240 11 2 0 0
bench_bvec4::bitor: 800 8 0 0 0
bench_bvec4::bitxor: 400 4 0 0 0
bench_bvec4::from_array: 400 4 0 0 0
bench_bvec4::into_bool_array: 400 4 0 0 0
bench_bvec4::into_u32_array: 1800 18 0 0 0
bench_bvec4::not: 800 8 0 0 0
bench_bvec4::set_first: 830 8 0 0 0
bench_bvec4::set_last: 1200 12 0 0 0
bench_bvec4::splat: 400 4 0 0 0
bench_bvec4::test_first: 530 5 0 0 0
bench_bvec4::test_last: 900 9 0 0 0
