# bench: l2_gas steps range_check bitwise other_builtins
bench_bvec2::all_first: 100 1 0 0 0
bench_bvec2::all_last: 100 1 0 0 0
bench_bvec2::alt_all_eager_first: 100 1 0 0 0
bench_bvec2::alt_all_eager_last: 100 1 0 0 0
bench_bvec2::alt_all_eq_true_first: 1220 12 0 0 0
bench_bvec2::alt_all_eq_true_last: 1220 12 0 0 0
bench_bvec2::alt_all_felt_match_first: 600 6 0 0 0
bench_bvec2::alt_all_felt_match_last: 600 6 0 0 0
bench_bvec2::alt_all_felt_product_first: 600 6 0 0 0
bench_bvec2::alt_all_felt_product_last: 600 6 0 0 0
bench_bvec2::alt_all_felt_sum_first: 600 6 0 0 0
bench_bvec2::alt_all_felt_sum_last: 600 6 0 0 0
bench_bvec2::alt_all_if_chain_first: 500 5 0 0 0
bench_bvec2::alt_all_if_chain_last: 400 4 0 0 0
bench_bvec2::alt_all_short_circuit_first: 500 5 0 0 0
bench_bvec2::alt_all_short_circuit_last: 400 4 0 0 0
bench_bvec2::alt_any_eager_first: 300 3 0 0 0
bench_bvec2::alt_any_eager_last: 300 3 0 0 0
bench_bvec2::alt_any_felt_first: 700 7 0 0 0
bench_bvec2::alt_any_felt_last: 700 7 0 0 0
bench_bvec2::alt_any_felt_match_first: 500 5 0 0 0
bench_bvec2::alt_any_felt_match_last: 500 5 0 0 0
bench_bvec2::alt_any_if_chain_first: 300 3 0 0 0
bench_bvec2::alt_any_if_chain_last: 400 4 0 0 0
bench_bvec2::alt_any_ne_false_first: 1240 12 0 0 0
bench_bvec2::alt_any_ne_false_last: 1420 14 0 0 0
bench_bvec2::alt_any_short_circuit_first: 300 3 0 0 0
bench_bvec2::alt_any_short_circuit_last: 400 4 0 0 0
bench_bvec2::alt_bitand_short_circuit: 900 9 0 0 0
bench_bvec2::alt_bitmask_felt: 840 7 2 0 0
bench_bvec2::alt_bitmask_if_add: 1270 12 1 0 0
bench_bvec2::alt_bitmask_if_add_felt: 1440 13 2 0 0
bench_bvec2::alt_bitmask_if_tree: 500 5 0 0 0
bench_bvec2::alt_bitmask_if_tree_lsb: 500 5 0 0 0
bench_bvec2::alt_bitmask_match: 500 5 0 0 0
bench_bvec2::alt_bitor_short_circuit: 800 8 0 0 0
bench_bvec2::alt_bitor_xor_and: 800 8 0 0 0
bench_bvec2::alt_bitxor_ne: 910 9 0 0 0
bench_bvec2::alt_not_if: 1100 11 0 0 0
bench_bvec2::alt_not_xor_true: 500 5 0 0 0
bench_bvec2::alt_set_if_chain_first: 610 6 0 0 0
bench_bvec2::alt_set_if_chain_last: 700 7 0 0 0
bench_bvec2::alt_set_match_first: 610 6 0 0 0
bench_bvec2::alt_set_match_last: 600 6 0 0 0
bench_bvec2::alt_set_match_noinline_first: 2200 15 0 0 0
bench_bvec2::alt_set_match_noinline_last: 2200 16 0 0 0
bench_bvec2::alt_set_match_rebuild_first: 610 6 0 0 0
bench_bvec2::alt_set_match_rebuild_last: 600 6 0 0 0
bench_bvec2::alt_test_bitmask_first: 4450 39 6 0 0
bench_bvec2::alt_test_bitmask_last: 4440 39 6 0 0
bench_bvec2::alt_test_if_chain_first: 510 5 0 0 0
bench_bvec2::alt_test_if_chain_last: 600 6 0 0 0
bench_bvec2::alt_test_match_first: 510 5 0 0 0
bench_bvec2::alt_test_match_last: 500 5 0 0 0
bench_bvec2::alt_test_match_noinline_first: 2200 12 0 0 0
bench_bvec2::alt_test_match_noinline_last: 2200 14 0 0 0
bench_bvec2::alt_test_span_first: 1370 13 1 0 0
bench_bvec2::alt_test_span_last: 1370 13 1 0 0
bench_bvec2::any_first: 300 3 0 0 0
bench_bvec2::any_last: 400 4 0 0 0
bench_bvec2::bitand: 0 0 0 0 0
bench_bvec2::bitmask: 500 5 0 0 0
bench_bvec2::bitor: 400 4 0 0 0
bench_bvec2::bitxor: 200 2 0 0 0
bench_bvec2::from_array: 200 2 0 0 0
bench_bvec2::into_bool_array: 200 2 0 0 0
bench_bvec2::into_u32_array: 900 9 0 0 0
bench_bvec2::not: 400 4 0 0 0
bench_bvec2::set_first: 610 6 0 0 0
bench_bvec2::set_last: 600 6 0 0 0
bench_bvec2::splat: 200 2 0 0 0
bench_bvec2::test_first: 510 5 0 0 0
bench_bvec2::test_last: 500 5 0 0 0
