# bench: l2_gas steps range_check bitwise other_builtins
bench_camera::alt_look_at_mat4_delegate: 43770 370 82 0 0
bench_camera::alt_look_to_mat3_call: 23290 194 44 0 0
bench_camera::alt_look_to_mat4_delegate: 32850 279 56 0 0
bench_camera::alt_orthographic_call: 25450 209 46 0 0
bench_camera::alt_orthographic_div: 25350 216 45 0 0
bench_camera::alt_perspective_call: 57030 431 94 0 0
bench_camera::alt_perspective_gl_two_div: 50860 409 98 0 0
bench_camera::alt_perspective_plain_ops: 50590 408 96 0 0
bench_camera::alt_perspective_raw_div2: 47110 378 90 0 0
bench_camera::alt_perspective_recip: 47240 379 92 0 0
bench_camera::alt_perspective_tan: 56570 422 97 0 0
bench_camera::alt_perspective_unchecked: 46890 376 90 0 0
bench_camera::lh_directx_frustum: 22710 192 48 0 0
bench_camera::lh_directx_orthographic: 21580 183 46 0 0
bench_camera::lh_directx_perspective: 49670 401 94 0 0
bench_camera::lh_directx_perspective_infinite: 43650 351 81 0 0
bench_camera::lh_directx_perspective_infinite_reverse: 43450 349 81 0 0
bench_camera::lh_opengl_frustum: 24390 206 52 0 0
bench_camera::lh_opengl_orthographic: 22320 189 48 0 0
bench_camera::lh_opengl_perspective: 51350 415 98 0 0
bench_camera::lh_view_look_at_affine3: 39140 334 82 0 0
bench_camera::lh_view_look_at_mat3: 32000 271 70 0 0
bench_camera::lh_view_look_at_mat4: 39540 338 82 0 0
bench_camera::lh_view_look_at_quat: 50870 425 112 0 0
bench_camera::lh_view_look_to_affine3: 29120 252 56 0 0
bench_camera::lh_view_look_to_mat3: 21980 189 44 0 0
bench_camera::lh_view_look_to_mat4: 29520 256 56 0 0
bench_camera::lh_view_look_to_quat: 40850 343 86 0 0
bench_camera::lh_vulkan_frustum: 23310 198 48 0 0
bench_camera::lh_vulkan_orthographic: 21580 183 46 0 0
bench_camera::lh_vulkan_perspective: 49870 403 94 0 0
bench_camera::lh_vulkan_perspective_infinite: 43850 353 81 0 0
bench_camera::lh_vulkan_perspective_infinite_reverse: 43650 351 81 0 0
bench_camera::rh_directx_frustum: 22910 194 48 0 0
bench_camera::rh_directx_orthographic: 21580 183 46 0 0
bench_camera::rh_directx_perspective: 49870 403 94 0 0
bench_camera::rh_directx_perspective_infinite: 43650 351 81 0 0
bench_camera::rh_directx_perspective_infinite_reverse: 43450 349 81 0 0
bench_camera::rh_opengl_frustum: 24390 206 52 0 0
bench_camera::rh_opengl_orthographic: 22320 189 48 0 0
bench_camera::rh_opengl_perspective: 51350 415 98 0 0
bench_camera::rh_view_look_at_affine3: 38240 325 82 0 0
bench_camera::rh_view_look_at_mat3: 31100 262 70 0 0
bench_camera::rh_view_look_at_mat4: 38640 329 82 0 0
bench_camera::rh_view_look_at_quat: 49970 416 112 0 0
bench_camera::rh_view_look_to_affine3: 28220 243 56 0 0
bench_camera::rh_view_look_to_mat3: 21080 180 44 0 0
bench_camera::rh_view_look_to_mat4: 28620 247 56 0 0
bench_camera::rh_view_look_to_quat: 39950 334 86 0 0
bench_camera::rh_vulkan_frustum: 23510 200 48 0 0
bench_camera::rh_vulkan_orthographic: 21580 183 46 0 0
bench_camera::rh_vulkan_perspective: 50070 405 94 0 0
bench_camera::rh_vulkan_perspective_infinite: 43850 353 81 0 0
bench_camera::rh_vulkan_perspective_infinite_reverse: 43650 351 81 0 0
