# bench: l2_gas steps range_check bitwise other_builtins
bench_camera::alt_look_at_mat4_delegate: 43890 370 82 0 0
bench_camera::alt_look_to_mat3_call: 23290 194 44 0 0
bench_camera::alt_look_to_mat4_delegate: 32970 279 56 0 0
bench_camera::alt_orthographic_call: 25570 209 46 0 0
bench_camera::alt_orthographic_div: 25470 216 45 0 0
bench_camera::alt_perspective_call: 57150 431 94 0 0
bench_camera::alt_perspective_gl_two_div: 50980 409 98 0 0
bench_camera::alt_perspective_plain_ops: 50710 408 96 0 0
bench_camera::alt_perspective_raw_div2: 47230 378 90 0 0
bench_camera::alt_perspective_recip: 47360 379 92 0 0
bench_camera::alt_perspective_tan: 56690 422 97 0 0
bench_camera::alt_perspective_unchecked: 47010 376 90 0 0
bench_camera::lh_directx_frustum: 22830 192 48 0 0
bench_camera::lh_directx_orthographic: 21700 183 46 0 0
bench_camera::lh_directx_perspective: 49790 401 94 0 0
bench_camera::lh_directx_perspective_infinite: 43770 351 81 0 0
bench_camera::lh_directx_perspective_infinite_reverse: 43570 349 81 0 0
bench_camera::lh_opengl_frustum: 24510 206 52 0 0
bench_camera::lh_opengl_orthographic: 22440 189 48 0 0
bench_camera::lh_opengl_perspective: 51470 415 98 0 0
bench_camera::lh_view_look_at_affine3: 39260 334 82 0 0
bench_camera::lh_view_look_at_mat3: 32120 271 70 0 0
bench_camera::lh_view_look_at_mat4: 39660 338 82 0 0
bench_camera::lh_view_look_at_quat: 50990 425 112 0 0
bench_camera::lh_view_look_to_affine3: 29240 252 56 0 0
bench_camera::lh_view_look_to_mat3: 22100 189 44 0 0
bench_camera::lh_view_look_to_mat4: 29640 256 56 0 0
bench_camera::lh_view_look_to_quat: 40970 343 86 0 0
bench_camera::lh_vulkan_frustum: 23430 198 48 0 0
bench_camera::lh_vulkan_orthographic: 21700 183 46 0 0
bench_camera::lh_vulkan_perspective: 49990 403 94 0 0
bench_camera::lh_vulkan_perspective_infinite: 43970 353 81 0 0
bench_camera::lh_vulkan_perspective_infinite_reverse: 43770 351 81 0 0
bench_camera::rh_directx_frustum: 23030 194 48 0 0
bench_camera::rh_directx_orthographic: 21700 183 46 0 0
bench_camera::rh_directx_perspective: 49990 403 94 0 0
bench_camera::rh_directx_perspective_infinite: 43770 351 81 0 0
bench_camera::rh_directx_perspective_infinite_reverse: 43570 349 81 0 0
bench_camera::rh_opengl_frustum: 24510 206 52 0 0
bench_camera::rh_opengl_orthographic: 22440 189 48 0 0
bench_camera::rh_opengl_perspective: 51470 415 98 0 0
bench_camera::rh_view_look_at_affine3: 38360 325 82 0 0
bench_camera::rh_view_look_at_mat3: 31220 262 70 0 0
bench_camera::rh_view_look_at_mat4: 38760 329 82 0 0
bench_camera::rh_view_look_at_quat: 50090 416 112 0 0
bench_camera::rh_view_look_to_affine3: 28340 243 56 0 0
bench_camera::rh_view_look_to_mat3: 21200 180 44 0 0
bench_camera::rh_view_look_to_mat4: 28740 247 56 0 0
bench_camera::rh_view_look_to_quat: 40070 334 86 0 0
bench_camera::rh_vulkan_frustum: 23630 200 48 0 0
bench_camera::rh_vulkan_orthographic: 21700 183 46 0 0
bench_camera::rh_vulkan_perspective: 50190 405 94 0 0
bench_camera::rh_vulkan_perspective_infinite: 43970 353 81 0 0
bench_camera::rh_vulkan_perspective_infinite_reverse: 43770 351 81 0 0
