# bench: l2_gas steps range_check bitwise other_builtins
bench_camera::alt_look_at_mat4_delegate: 43890 370 82 0 0
bench_camera::alt_look_to_mat3_call: 23290 194 44 0 0
bench_camera::alt_look_to_mat4_delegate: 32970 279 56 0 0
bench_camera::alt_orthographic_call: 25570 209 46 0 0
bench_camera::alt_orthographic_div: 22950 195 45 0 0
bench_camera::alt_perspective_call: 52620 416 94 0 0
bench_camera::alt_perspective_gl_two_div: 49100 393 98 0 0
bench_camera::alt_perspective_plain_ops: 48830 392 96 0 0
bench_camera::alt_perspective_raw_div2: 45820 366 90 0 0
bench_camera::alt_perspective_recip: 46420 371 92 0 0
bench_camera::alt_perspective_tan: 53870 406 97 0 0
bench_camera::alt_perspective_unchecked: 45600 364 90 0 0
bench_camera::lh_directx_frustum: 22360 188 48 0 0
bench_camera::lh_directx_orthographic: 21700 183 46 0 0
bench_camera::lh_directx_perspective: 48380 389 94 0 0
bench_camera::lh_directx_perspective_infinite: 42830 343 81 0 0
bench_camera::lh_directx_perspective_infinite_reverse: 42630 341 81 0 0
bench_camera::lh_opengl_frustum: 24040 202 52 0 0
bench_camera::lh_opengl_orthographic: 22440 189 48 0 0
bench_camera::lh_opengl_perspective: 50060 403 98 0 0
bench_camera::lh_view_look_at_mat3: 32120 271 70 0 0
bench_camera::lh_view_look_at_mat4: 39660 338 82 0 0
bench_camera::lh_view_look_to_mat3: 22100 189 44 0 0
bench_camera::lh_view_look_to_mat4: 29640 256 56 0 0
bench_camera::lh_vulkan_frustum: 22960 194 48 0 0
bench_camera::lh_vulkan_orthographic: 21700 183 46 0 0
bench_camera::lh_vulkan_perspective: 48580 391 94 0 0
bench_camera::lh_vulkan_perspective_infinite: 43030 345 81 0 0
bench_camera::lh_vulkan_perspective_infinite_reverse: 42830 343 81 0 0
bench_camera::rh_directx_frustum: 22560 190 48 0 0
bench_camera::rh_directx_orthographic: 21700 183 46 0 0
bench_camera::rh_directx_perspective: 48580 391 94 0 0
bench_camera::rh_directx_perspective_infinite: 42830 343 81 0 0
bench_camera::rh_directx_perspective_infinite_reverse: 42630 341 81 0 0
bench_camera::rh_opengl_frustum: 24040 202 52 0 0
bench_camera::rh_opengl_orthographic: 22440 189 48 0 0
bench_camera::rh_opengl_perspective: 50060 403 98 0 0
bench_camera::rh_view_look_at_mat3: 31220 262 70 0 0
bench_camera::rh_view_look_at_mat4: 38760 329 82 0 0
bench_camera::rh_view_look_to_mat3: 21200 180 44 0 0
bench_camera::rh_view_look_to_mat4: 28740 247 56 0 0
bench_camera::rh_vulkan_frustum: 23160 196 48 0 0
bench_camera::rh_vulkan_orthographic: 21700 183 46 0 0
bench_camera::rh_vulkan_perspective: 48780 393 94 0 0
bench_camera::rh_vulkan_perspective_infinite: 43030 345 81 0 0
bench_camera::rh_vulkan_perspective_infinite_reverse: 42830 343 81 0 0
