# bench: l2_gas steps range_check bitwise other_builtins
bench_eigen3::alt_rotation_division: 39450 318 77 0 0
bench_eigen3::alt_rotation_normalize: 36490 304 72 0 0
bench_eigen3::alt_symmetric_eigen_closed_form_new_diagonal: 270230 1261 259 0 0
bench_eigen3::alt_symmetric_eigen_closed_form_new_generic: 270230 2143 485 0 0
bench_eigen3::alt_symmetric_eigen_closed_form_new_rod: 270230 1895 419 0 0
bench_eigen3::alt_symmetric_eigen_closed_form_new_two_equal: 270230 1889 418 0 0
bench_eigen3::alt_symmetric_eigenvalues_closed_form_eigenvalues_generic: 155540 1214 286 0 0
bench_eigen3::alt_symmetric_eigenvalues_diagonal_read_eigenvalues_generic: 329320 2637 601 0 0
bench_eigen3::eigenvalues_diagonal: 48720 416 62 0 0
bench_eigen3::eigenvalues_generic: 507470 4205 873 0 0
bench_eigen3::eigenvalues_rod: 117000 1001 171 0 0
bench_eigen3::eigenvalues_two_equal: 159690 1351 249 0 0
bench_eigen3::from_sdp_generic: 550950 4578 961 0 0
bench_eigen3::new_diagonal: 57960 484 62 0 0
bench_eigen3::new_generic: 550950 4578 961 0 0
bench_eigen3::new_rod: 160180 1371 259 0 0
bench_eigen3::new_two_equal: 202900 1721 337 0 0
bench_eigen3::reverse: 1200 12 0 0 0
bench_eigen3::swap_cols: 7040 68 0 0 0
bench_eigen3::symmetric_eigen_generic: 550950 4578 961 0 0
bench_eigen3::symmetric_eigenvalues_generic: 507470 4205 873 0 0
