# bench: l2_gas steps range_check bitwise other_builtins
bench_eigen3::alt_rotation_division: 37940 313 77 0 0
bench_eigen3::alt_rotation_normalize: 36490 304 72 0 0
bench_eigen3::alt_symmetric_eigen_closed_form_new_diagonal: 262780 1252 259 0 0
bench_eigen3::alt_symmetric_eigen_closed_form_new_generic: 262780 2119 485 0 0
bench_eigen3::alt_symmetric_eigen_closed_form_new_rod: 262780 1876 419 0 0
bench_eigen3::alt_symmetric_eigen_closed_form_new_two_equal: 262780 1870 418 0 0
bench_eigen3::alt_symmetric_eigenvalues_closed_form_eigenvalues_generic: 151010 1199 286 0 0
bench_eigen3::alt_symmetric_eigenvalues_diagonal_read_eigenvalues_generic: 314220 2587 601 0 0
bench_eigen3::eigenvalues_diagonal: 48720 416 62 0 0
bench_eigen3::eigenvalues_generic: 492370 4155 873 0 0
bench_eigen3::eigenvalues_rod: 115490 996 171 0 0
bench_eigen3::eigenvalues_two_equal: 156670 1341 249 0 0
bench_eigen3::from_sdp_generic: 535850 4528 961 0 0
bench_eigen3::new_diagonal: 57960 484 62 0 0
bench_eigen3::new_generic: 535850 4528 961 0 0
bench_eigen3::new_rod: 158670 1366 259 0 0
bench_eigen3::new_two_equal: 199880 1711 337 0 0
bench_eigen3::reverse: 1200 12 0 0 0
bench_eigen3::swap_cols: 7040 68 0 0 0
bench_eigen3::symmetric_eigen_generic: 535850 4528 961 0 0
bench_eigen3::symmetric_eigenvalues_generic: 492370 4155 873 0 0
