# bench: l2_gas steps range_check bitwise other_builtins
bench_fixed::abs: 1070 10 1 0 0
bench_fixed::abs_diff_eq: 1750 16 2 0 0
bench_fixed::add: 840 7 2 0 0
bench_fixed::add_assign: 840 7 2 0 0
bench_fixed::alt_abs_downcast: 1240 11 2 0 0
bench_fixed::alt_div_floor: 3940 34 6 0 0
bench_fixed::alt_div_stable: 6550 44 8 0 0
bench_fixed::alt_div_trunc_flat: 4760 42 6 0 0
bench_fixed::alt_mul_bias_downcast: 2050 17 5 0 0
bench_fixed::alt_mul_stable: 3810 31 7 0 0
bench_fixed::alt_mul_stable_i128: 4110 34 7 0 0
bench_fixed::alt_powi_loop_2: 15410 138 20 0 0
bench_fixed::alt_powi_loop_5: 21750 193 32 0 0
bench_fixed::alt_recip_floor: 3470 30 5 0 0
bench_fixed::alt_rem_native: 4520 28 5 0 0
bench_fixed::alt_round_downcast: 3000 26 4 0 0
bench_fixed::alt_sqrt_constrain: 2120 17 6 0 0
bench_fixed::ceil: 1510 13 3 0 0
bench_fixed::clamp: 1340 12 2 0 0
bench_fixed::copysign: 1140 10 2 0 0
bench_fixed::div: 3740 32 6 0 0
bench_fixed::div_assign: 3740 32 6 0 0
bench_fixed::div_euclid: 3940 34 6 0 0
bench_fixed::eq: 500 5 0 0 0
bench_fixed::floor: 1310 11 3 0 0
bench_fixed::fract: 1880 16 4 0 0
bench_fixed::fract_gl: 1210 10 3 0 0
bench_fixed::from_int: 100 1 0 0 0
bench_fixed::from_ratio: 3740 32 6 0 0
bench_fixed::ge: 770 7 1 0 0
bench_fixed::gt: 870 8 1 0 0
bench_fixed::into_i16: 100 1 0 0 0
bench_fixed::into_u16: 100 1 0 0 0
bench_fixed::inverse_lerp: 5220 44 10 0 0
bench_fixed::is_negative: 770 7 1 0 0
bench_fixed::is_positive: 870 8 1 0 0
bench_fixed::is_sign_negative: 770 7 1 0 0
bench_fixed::is_sign_positive: 970 9 1 0 0
bench_fixed::le: 870 8 1 0 0
bench_fixed::lerp: 1980 17 4 0 0
bench_fixed::lt: 770 7 1 0 0
bench_fixed::max: 770 7 1 0 0
bench_fixed::min: 770 7 1 0 0
bench_fixed::move_towards: 4040 35 6 0 0
bench_fixed::mul: 1680 14 4 0 0
bench_fixed::mul_add: 1880 16 4 0 0
bench_fixed::mul_assign: 1680 14 4 0 0
bench_fixed::neg: 300 3 0 0 0
bench_fixed::one_is_one: 500 5 0 0 0
bench_fixed::powi_2: 6000 55 7 0 0
bench_fixed::powi_5: 22950 205 32 0 0
bench_fixed::powi_neg3: 8340 75 12 0 0
bench_fixed::recip: 3370 29 5 0 0
bench_fixed::rem: 3170 27 5 0 0
bench_fixed::rem_assign: 3170 27 5 0 0
bench_fixed::rem_euclid: 3370 29 5 0 0
bench_fixed::remap: 7200 61 14 0 0
bench_fixed::round: 2080 18 4 0 0
bench_fixed::saturate: 970 9 1 0 0
bench_fixed::signum: 770 7 1 0 0
bench_fixed::smoothstep: 8140 69 16 0 0
bench_fixed::sqrt: 2020 16 6 0 0
bench_fixed::step: 870 8 1 0 0
bench_fixed::sub: 840 7 2 0 0
bench_fixed::sub_assign: 840 7 2 0 0
bench_fixed::to_int: 1210 10 3 0 0
bench_fixed::to_int_round: 1980 17 4 0 0
bench_fixed::to_int_trunc: 1880 16 4 0 0
bench_fixed::trunc: 1980 17 4 0 0
bench_fixed::try_into_u32: 870 8 1 0 0
bench_fixed::zero_is_zero: 300 3 0 0 0
