# bench: l2_gas steps range_check bitwise other_builtins
bench_ivec4::abs_neg: 5200 48 4 0 0
bench_ivec4::abs_pos: 4480 40 4 0 0
bench_ivec4::add: 4280 36 8 0 0
bench_ivec4::add_assign: 4280 36 8 0 0
bench_ivec4::add_assign_scalar: 4280 36 8 0 0
bench_ivec4::add_scalar: 4280 36 8 0 0
bench_ivec4::alt_distance_squared_plain: 9160 75 22 0 0
bench_ivec4::alt_dot_plain: 6200 51 14 0 0
bench_ivec4::alt_element_product_plain: 3240 27 6 0 0
bench_ivec4::alt_element_sum_plain: 3240 27 6 0 0
bench_ivec4::alt_length_squared_plain: 6200 51 14 0 0
bench_ivec4::alt_manhattan_distance_plain_ge: 6070 53 7 0 0
bench_ivec4::alt_manhattan_distance_plain_lt: 8230 73 11 0 0
bench_ivec4::as_uvec4_neg: 5200 48 4 0 0
bench_ivec4::as_uvec4_pos: 5240 48 4 0 0
bench_ivec4::bitand_neg: 19152 154 20 4 0
bench_ivec4::bitand_pos: 16832 134 12 4 0
bench_ivec4::bitnot: 4680 40 8 0 0
bench_ivec4::bitor_neg: 19152 154 20 4 0
bench_ivec4::bitor_pos: 16832 134 12 4 0
bench_ivec4::bitxor_neg: 16752 134 12 4 0
bench_ivec4::bitxor_pos: 16832 134 12 4 0
bench_ivec4::chebyshev_distance_ge: 7090 63 7 0 0
bench_ivec4::chebyshev_distance_lt: 9250 83 11 0 0
bench_ivec4::checked_add_inrange: 4680 40 8 0 0
bench_ivec4::checked_add_none: 2290 21 1 0 0
bench_ivec4::checked_add_unsigned_inrange: 4680 40 8 0 0
bench_ivec4::checked_add_unsigned_none: 2930 26 3 0 0
bench_ivec4::checked_div_inrange: 21040 140 20 0 0
bench_ivec4::checked_div_none: 2320 22 0 0 0
bench_ivec4::checked_manhattan_distance_ge: 5900 52 6 0 0
bench_ivec4::checked_manhattan_distance_lt: 8060 72 10 0 0
bench_ivec4::checked_mul_inrange: 4680 40 8 0 0
bench_ivec4::checked_mul_none: 2290 21 1 0 0
bench_ivec4::checked_sub_inrange: 4680 40 8 0 0
bench_ivec4::checked_sub_none: 2390 22 1 0 0
bench_ivec4::checked_sub_unsigned_inrange: 4680 40 8 0 0
bench_ivec4::checked_sub_unsigned_none: 2930 26 3 0 0
bench_ivec4::clamp_above: 7280 66 8 0 0
bench_ivec4::clamp_below: 5610 51 4 0 0
bench_ivec4::clamp_inside: 7220 65 8 0 0
bench_ivec4::cmpeq: 2400 24 0 0 0
bench_ivec4::cmpge: 4820 44 4 0 0
bench_ivec4::cmpgt: 4820 44 4 0 0
bench_ivec4::cmple: 4820 44 4 0 0
bench_ivec4::cmplt: 4820 44 4 0 0
bench_ivec4::cmpne: 3720 36 0 0 0
bench_ivec4::distance_squared: 1840 17 2 0 0
bench_ivec4::div_assign: 18600 116 20 0 0
bench_ivec4::div_assign_scalar: 18300 113 20 0 0
bench_ivec4::div_euclid_fixup: 23020 201 32 0 0
bench_ivec4::div_euclid_neg: 25180 221 36 0 0
bench_ivec4::div_euclid_pos: 16400 136 24 0 0
bench_ivec4::div_neg: 18600 132 24 0 0
bench_ivec4::div_pos: 18600 116 20 0 0
bench_ivec4::div_scalar_neg: 18300 129 24 0 0
bench_ivec4::div_scalar_pos: 18300 113 20 0 0
bench_ivec4::dot: 1440 13 2 0 0
bench_ivec4::dot_into_vec: 1740 16 2 0 0
bench_ivec4::element_product: 1040 9 2 0 0
bench_ivec4::element_sum: 1040 9 2 0 0
bench_ivec4::index_first: 530 5 0 0 0
bench_ivec4::index_last: 900 9 0 0 0
bench_ivec4::is_negative_bitmask_neg: 6040 55 6 0 0
bench_ivec4::is_negative_bitmask_pos: 6080 55 6 0 0
bench_ivec4::is_negative_mask: 5220 48 4 0 0
bench_ivec4::length_squared: 1440 13 2 0 0
bench_ivec4::manhattan_distance_ge: 5500 48 6 0 0
bench_ivec4::manhattan_distance_lt: 7660 68 10 0 0
bench_ivec4::max_element_first: 2610 24 3 0 0
bench_ivec4::max_element_last: 2530 23 3 0 0
bench_ivec4::max_lhs: 4800 44 4 0 0
bench_ivec4::max_position_first: 3650 33 3 0 0
bench_ivec4::max_position_last: 3730 34 3 0 0
bench_ivec4::max_rhs: 4840 44 4 0 0
bench_ivec4::min_element_first: 2610 24 3 0 0
bench_ivec4::min_element_last: 2530 23 3 0 0
bench_ivec4::min_lhs: 4800 44 4 0 0
bench_ivec4::min_position_first: 3650 33 3 0 0
bench_ivec4::min_position_last: 3730 34 3 0 0
bench_ivec4::min_rhs: 4840 44 4 0 0
bench_ivec4::mul: 4280 36 8 0 0
bench_ivec4::mul_assign: 4280 36 8 0 0
bench_ivec4::mul_assign_scalar: 4280 36 8 0 0
bench_ivec4::mul_scalar: 4280 36 8 0 0
bench_ivec4::neg: 1200 12 0 0 0
bench_ivec4::rem_assign: 18600 116 20 0 0
bench_ivec4::rem_assign_scalar: 18300 113 20 0 0
bench_ivec4::rem_euclid_fixup: 20260 176 30 0 0
bench_ivec4::rem_euclid_neg: 22780 200 34 0 0
bench_ivec4::rem_euclid_pos: 15360 128 24 0 0
bench_ivec4::rem_neg: 18600 132 24 0 0
bench_ivec4::rem_pos: 18600 116 20 0 0
bench_ivec4::rem_scalar_neg: 18300 129 24 0 0
bench_ivec4::rem_scalar_pos: 18300 113 20 0 0
bench_ivec4::saturating_add_inrange: 5880 52 8 0 0
bench_ivec4::saturating_add_saturates: 5200 48 4 0 0
bench_ivec4::saturating_add_unsigned_inrange: 6440 56 8 0 0
bench_ivec4::saturating_add_unsigned_saturates: 7760 68 12 0 0
bench_ivec4::saturating_div_inrange: 22240 152 20 0 0
bench_ivec4::saturating_div_saturates: 6560 52 0 0 0
bench_ivec4::saturating_mul_inrange: 6440 56 8 0 0
bench_ivec4::saturating_mul_saturates: 7920 72 8 0 0
bench_ivec4::saturating_sub_inrange: 5880 52 8 0 0
bench_ivec4::saturating_sub_saturates: 5600 52 4 0 0
bench_ivec4::saturating_sub_unsigned_inrange: 6440 56 8 0 0
bench_ivec4::saturating_sub_unsigned_saturates: 7760 68 12 0 0
bench_ivec4::select_false: 3520 34 0 0 0
bench_ivec4::select_true: 3120 30 0 0 0
bench_ivec4::shl_neg: 18230 158 33 0 0
bench_ivec4::shl_pos: 15870 138 25 0 0
bench_ivec4::shr_neg: 14020 119 28 0 0
bench_ivec4::shr_pos: 14020 119 28 0 0
bench_ivec4::signum_neg: 4800 44 4 0 0
bench_ivec4::signum_pos: 4840 44 4 0 0
bench_ivec4::signum_zero: 3800 36 0 0 0
bench_ivec4::sub: 4280 36 8 0 0
bench_ivec4::sub_assign: 4280 36 8 0 0
bench_ivec4::sub_assign_scalar: 4280 36 8 0 0
bench_ivec4::sub_scalar: 4280 36 8 0 0
bench_ivec4::try_into_none: 2090 19 1 0 0
bench_ivec4::try_into_some: 2800 24 4 0 0
bench_ivec4::wrapping_add_inrange: 5880 52 8 0 0
bench_ivec4::wrapping_add_unsigned_inrange: 6600 56 8 0 0
bench_ivec4::wrapping_add_unsigned_wraps: 10720 92 20 0 0
bench_ivec4::wrapping_add_wraps: 5200 48 4 0 0
bench_ivec4::wrapping_div_inrange: 22240 152 20 0 0
bench_ivec4::wrapping_div_wraps: 6560 52 0 0 0
bench_ivec4::wrapping_mul_inrange: 6960 56 8 0 0
bench_ivec4::wrapping_mul_wraps: 15720 132 32 0 0
bench_ivec4::wrapping_sub_inrange: 5880 52 8 0 0
bench_ivec4::wrapping_sub_unsigned_inrange: 6600 56 8 0 0
bench_ivec4::wrapping_sub_unsigned_wraps: 10720 92 20 0 0
bench_ivec4::wrapping_sub_wraps: 5600 52 4 0 0
