# bench: l2_gas steps range_check bitwise other_builtins
bench_ivec3::abs_neg: 4010 38 3 0 0
bench_ivec3::abs_pos: 3470 32 3 0 0
bench_ivec3::add: 3320 29 6 0 0
bench_ivec3::add_assign: 3320 29 6 0 0
bench_ivec3::add_assign_scalar: 3320 29 6 0 0
bench_ivec3::add_scalar: 3320 29 6 0 0
bench_ivec3::alt_abs_lt_neg: 4610 44 3 0 0
bench_ivec3::alt_abs_lt_pos: 4070 38 3 0 0
bench_ivec3::alt_as_uvec3_checked_pos: 1110 9 3 0 0
bench_ivec3::alt_as_uvec3_felt_neg: 5930 53 9 0 0
bench_ivec3::alt_as_uvec3_felt_pos: 4910 44 6 0 0
bench_ivec3::alt_as_uvec3_try_first_neg: 5420 50 6 0 0
bench_ivec3::alt_as_uvec3_try_first_pos: 3560 32 3 0 0
bench_ivec3::alt_clamp_min_max_above: 6350 59 6 0 0
bench_ivec3::alt_clamp_min_max_below: 6350 59 6 0 0
bench_ivec3::alt_clamp_min_max_inside: 6320 59 6 0 0
bench_ivec3::alt_cmplt_felt: 6590 60 7 0 0
bench_ivec3::alt_cross_plain: 7760 65 18 0 0
bench_ivec3::alt_distance_squared_plain: 6820 57 16 0 0
bench_ivec3::alt_div_euclid_call_fixup: 28080 157 24 0 0
bench_ivec3::alt_div_euclid_call_neg: 28080 175 27 0 0
bench_ivec3::alt_div_euclid_call_pos: 28080 114 18 0 0
bench_ivec3::alt_div_euclid_divrem_fixup: 18770 132 20 0 0
bench_ivec3::alt_div_euclid_divrem_neg: 18790 144 23 0 0
bench_ivec3::alt_div_euclid_divrem_pos: 17150 116 18 0 0
bench_ivec3::alt_dot_i64: 3320 29 6 0 0
bench_ivec3::alt_dot_plain: 4600 39 10 0 0
bench_ivec3::alt_element_product_plain: 1580 13 4 0 0
bench_ivec3::alt_element_sum_plain: 2380 21 4 0 0
bench_ivec3::alt_is_negative_bitmask_felt_neg: 4550 42 5 0 0
bench_ivec3::alt_is_negative_bitmask_felt_pos: 4580 42 5 0 0
bench_ivec3::alt_is_negative_mask_try_into: 4930 47 3 0 0
bench_ivec3::alt_length_squared_plain: 4600 39 10 0 0
bench_ivec3::alt_manhattan_distance_abs_diff_felt_ge: 4630 41 5 0 0
bench_ivec3::alt_manhattan_distance_abs_diff_felt_lt: 6970 62 11 0 0
bench_ivec3::alt_manhattan_distance_plain_ge: 4570 41 5 0 0
bench_ivec3::alt_manhattan_distance_plain_lt: 6190 56 8 0 0
bench_ivec3::alt_min_core_lhs: 3740 35 3 0 0
bench_ivec3::alt_min_core_rhs: 3710 35 3 0 0
bench_ivec3::alt_rem_euclid_divrem_fixup: 19900 140 24 0 0
bench_ivec3::alt_rem_euclid_divrem_neg: 19880 152 27 0 0
bench_ivec3::alt_rem_euclid_divrem_pos: 17240 116 18 0 0
bench_ivec3::alt_select_match_false: 1900 19 0 0 0
bench_ivec3::alt_select_match_true: 1600 16 0 0 0
bench_ivec3::alt_shl_call_neg: 15350 120 25 0 0
bench_ivec3::alt_shl_call_pos: 15350 103 19 0 0
bench_ivec3::alt_shl_table_neg: 14250 125 25 0 0
bench_ivec3::alt_shl_table_pos: 12480 110 19 0 0
bench_ivec3::alt_shr_div_floor_neg: 20360 145 25 0 0
bench_ivec3::alt_shr_div_floor_pos: 19820 139 25 0 0
bench_ivec3::alt_signum_gt_first_neg: 5720 53 6 0 0
bench_ivec3::alt_signum_gt_first_pos: 4400 41 3 0 0
bench_ivec3::alt_signum_gt_first_zero: 5650 52 6 0 0
bench_ivec3::alt_signum_zero_first_neg: 4310 41 3 0 0
bench_ivec3::alt_signum_zero_first_pos: 4340 41 3 0 0
bench_ivec3::alt_signum_zero_first_zero: 3020 29 0 0 0
bench_ivec3::alt_wrapping_mul_i64_inrange: 12410 108 22 0 0
bench_ivec3::alt_wrapping_mul_i64_wraps: 11210 98 18 0 0
bench_ivec3::alt_wrapping_mul_nofast_inrange: 11390 96 25 0 0
bench_ivec3::alt_wrapping_mul_nofast_wraps: 10190 86 21 0 0
bench_ivec3::as_uvec3_neg: 4010 38 3 0 0
bench_ivec3::as_uvec3_pos: 4040 38 3 0 0
bench_ivec3::bitand_neg: 14699 119 15 3 0
bench_ivec3::bitand_pos: 12959 104 9 3 0
bench_ivec3::bitnot: 3620 32 6 0 0
bench_ivec3::bitor_neg: 14699 119 15 3 0
bench_ivec3::bitor_pos: 12959 104 9 3 0
bench_ivec3::bitxor_neg: 12899 104 9 3 0
bench_ivec3::bitxor_pos: 12959 104 9 3 0
bench_ivec3::chebyshev_distance_ge: 5180 47 5 0 0
bench_ivec3::chebyshev_distance_lt: 6800 62 8 0 0
bench_ivec3::checked_add_inrange: 3720 33 6 0 0
bench_ivec3::checked_add_none: 2070 20 1 0 0
bench_ivec3::checked_add_unsigned_inrange: 3720 33 6 0 0
bench_ivec3::checked_add_unsigned_none: 2710 25 3 0 0
bench_ivec3::checked_div_inrange: 15990 108 15 0 0
bench_ivec3::checked_div_none: 2100 21 0 0 0
bench_ivec3::checked_manhattan_distance_ge: 4770 43 5 0 0
bench_ivec3::checked_manhattan_distance_lt: 6390 58 8 0 0
bench_ivec3::checked_mul_inrange: 3720 33 6 0 0
bench_ivec3::checked_mul_none: 2070 20 1 0 0
bench_ivec3::checked_sub_inrange: 3720 33 6 0 0
bench_ivec3::checked_sub_none: 2170 21 1 0 0
bench_ivec3::checked_sub_unsigned_inrange: 3720 33 6 0 0
bench_ivec3::checked_sub_unsigned_none: 2710 25 3 0 0
bench_ivec3::clamp_above: 5620 52 6 0 0
bench_ivec3::clamp_below: 4300 40 3 0 0
bench_ivec3::clamp_inside: 5550 51 6 0 0
bench_ivec3::cmpeq: 1900 19 0 0 0
bench_ivec3::cmpge: 3830 36 3 0 0
bench_ivec3::cmpgt: 3820 36 3 0 0
bench_ivec3::cmple: 3820 36 3 0 0
bench_ivec3::cmplt: 3830 36 3 0 0
bench_ivec3::cmpne: 2200 22 0 0 0
bench_ivec3::cross: 3920 35 6 0 0
bench_ivec3::distance_squared: 1540 14 2 0 0
bench_ivec3::div_assign: 14060 89 15 0 0
bench_ivec3::div_assign_scalar: 13060 79 15 0 0
bench_ivec3::div_euclid_fixup: 17400 153 24 0 0
bench_ivec3::div_euclid_neg: 19020 168 27 0 0
bench_ivec3::div_euclid_pos: 12410 104 18 0 0
bench_ivec3::div_neg: 14060 101 18 0 0
bench_ivec3::div_pos: 14060 89 15 0 0
bench_ivec3::div_scalar_neg: 13060 91 18 0 0
bench_ivec3::div_scalar_pos: 13060 79 15 0 0
bench_ivec3::dot: 1240 11 2 0 0
bench_ivec3::dot_into_vec: 1440 13 2 0 0
bench_ivec3::element_product: 940 8 2 0 0
bench_ivec3::element_sum: 940 8 2 0 0
bench_ivec3::from_span: 3410 32 3 0 0
bench_ivec3::index_first: 520 5 0 0 0
bench_ivec3::index_last: 700 7 0 0 0
bench_ivec3::is_negative_bitmask_neg: 3910 37 3 0 0
bench_ivec3::is_negative_bitmask_pos: 3830 36 3 0 0
bench_ivec3::is_negative_mask: 4130 39 3 0 0
bench_ivec3::length_squared: 1240 11 2 0 0
bench_ivec3::manhattan_distance_ge: 4370 39 5 0 0
bench_ivec3::manhattan_distance_lt: 5990 54 8 0 0
bench_ivec3::max_element_first: 1740 16 2 0 0
bench_ivec3::max_element_last: 1650 15 2 0 0
bench_ivec3::max_lhs: 3710 35 3 0 0
bench_ivec3::max_position_first: 1750 16 2 0 0
bench_ivec3::max_position_last: 1840 17 2 0 0
bench_ivec3::max_rhs: 3740 35 3 0 0
bench_ivec3::min_element_first: 1740 16 2 0 0
bench_ivec3::min_element_last: 1650 15 2 0 0
bench_ivec3::min_lhs: 3710 35 3 0 0
bench_ivec3::min_position_first: 1750 16 2 0 0
bench_ivec3::min_position_last: 1840 17 2 0 0
bench_ivec3::min_rhs: 3740 35 3 0 0
bench_ivec3::mul: 3320 29 6 0 0
bench_ivec3::mul_assign: 3320 29 6 0 0
bench_ivec3::mul_assign_scalar: 3320 29 6 0 0
bench_ivec3::mul_scalar: 3320 29 6 0 0
bench_ivec3::neg: 900 9 0 0 0
bench_ivec3::product3: 15740 142 22 0 0
bench_ivec3::rem_assign: 14060 89 15 0 0
bench_ivec3::rem_assign_scalar: 13060 79 15 0 0
bench_ivec3::rem_euclid_fixup: 15180 133 22 0 0
bench_ivec3::rem_euclid_neg: 17070 151 25 0 0
bench_ivec3::rem_euclid_pos: 11630 98 18 0 0
bench_ivec3::rem_neg: 14060 101 18 0 0
bench_ivec3::rem_pos: 14060 89 15 0 0
bench_ivec3::rem_scalar_neg: 13060 91 18 0 0
bench_ivec3::rem_scalar_pos: 13060 79 15 0 0
bench_ivec3::saturating_add_inrange: 4520 41 6 0 0
bench_ivec3::saturating_add_saturates: 4010 38 3 0 0
bench_ivec3::saturating_add_unsigned_inrange: 4940 44 6 0 0
bench_ivec3::saturating_add_unsigned_saturates: 5930 53 9 0 0
bench_ivec3::saturating_div_inrange: 16790 116 15 0 0
bench_ivec3::saturating_div_saturates: 5030 41 0 0 0
bench_ivec3::saturating_mul_inrange: 4940 44 6 0 0
bench_ivec3::saturating_mul_saturates: 6050 56 6 0 0
bench_ivec3::saturating_sub_inrange: 4520 41 6 0 0
bench_ivec3::saturating_sub_saturates: 4310 41 3 0 0
bench_ivec3::saturating_sub_unsigned_inrange: 4940 44 6 0 0
bench_ivec3::saturating_sub_unsigned_saturates: 5930 53 9 0 0
bench_ivec3::select_false: 1900 19 0 0 0
bench_ivec3::select_true: 1600 16 0 0 0
bench_ivec3::shl_neg: 14050 123 25 0 0
bench_ivec3::shl_pos: 12280 108 19 0 0
bench_ivec3::shr_neg: 11170 96 22 0 0
bench_ivec3::shr_pos: 11170 96 22 0 0
bench_ivec3::signum_neg: 3710 35 3 0 0
bench_ivec3::signum_pos: 3740 35 3 0 0
bench_ivec3::signum_zero: 2960 29 0 0 0
bench_ivec3::sub: 3320 29 6 0 0
bench_ivec3::sub_assign: 3320 29 6 0 0
bench_ivec3::sub_assign_scalar: 3320 29 6 0 0
bench_ivec3::sub_scalar: 3320 29 6 0 0
bench_ivec3::sum3: 12920 118 16 0 0
bench_ivec3::try_into_none: 1070 10 1 0 0
bench_ivec3::try_into_some: 1510 13 3 0 0
bench_ivec3::wrapping_add_inrange: 4520 41 6 0 0
bench_ivec3::wrapping_add_unsigned_inrange: 5060 44 6 0 0
bench_ivec3::wrapping_add_unsigned_wraps: 8150 71 15 0 0
bench_ivec3::wrapping_add_wraps: 4010 38 3 0 0
bench_ivec3::wrapping_div_inrange: 16790 116 15 0 0
bench_ivec3::wrapping_div_wraps: 5030 41 0 0 0
bench_ivec3::wrapping_mul_inrange: 5330 44 6 0 0
bench_ivec3::wrapping_mul_wraps: 11900 101 24 0 0
bench_ivec3::wrapping_sub_inrange: 4520 41 6 0 0
bench_ivec3::wrapping_sub_unsigned_inrange: 5060 44 6 0 0
bench_ivec3::wrapping_sub_unsigned_wraps: 8150 71 15 0 0
bench_ivec3::wrapping_sub_wraps: 4310 41 3 0 0
bench_ivec3::write_to: 600 6 0 0 0
