# bench: l2_gas steps range_check bitwise other_builtins
bench_ivec2::abs_neg: 3060 28 2 0 0
bench_ivec2::abs_pos: 2700 24 2 0 0
bench_ivec2::add: 2600 22 4 0 0
bench_ivec2::add_assign: 2600 22 4 0 0
bench_ivec2::add_assign_scalar: 2600 22 4 0 0
bench_ivec2::add_scalar: 2600 22 4 0 0
bench_ivec2::alt_distance_squared_plain: 4720 39 10 0 0
bench_ivec2::alt_dot_plain: 3240 27 6 0 0
bench_ivec2::alt_element_product_fused: 840 7 2 0 0
bench_ivec2::alt_element_sum_fused: 840 7 2 0 0
bench_ivec2::alt_length_squared_plain: 3240 27 6 0 0
bench_ivec2::alt_manhattan_distance_fused_ge: 3480 30 4 0 0
bench_ivec2::alt_manhattan_distance_fused_lt: 4560 40 6 0 0
bench_ivec2::alt_perp_dot_plain: 3240 27 6 0 0
bench_ivec2::alt_rotate_plain: 5560 46 12 0 0
bench_ivec2::as_uvec2_neg: 2140 20 2 0 0
bench_ivec2::as_uvec2_pos: 2160 20 2 0 0
bench_ivec2::bitand_neg: 10286 84 10 2 0
bench_ivec2::bitand_pos: 9126 74 6 2 0
bench_ivec2::bitnot: 2800 24 4 0 0
bench_ivec2::bitor_neg: 10286 84 10 2 0
bench_ivec2::bitor_pos: 9126 74 6 2 0
bench_ivec2::bitxor_neg: 9086 74 6 2 0
bench_ivec2::bitxor_pos: 9126 74 6 2 0
bench_ivec2::chebyshev_distance_ge: 3510 31 3 0 0
bench_ivec2::chebyshev_distance_lt: 4590 41 5 0 0
bench_ivec2::checked_add_inrange: 3000 26 4 0 0
bench_ivec2::checked_add_none: 2090 19 1 0 0
bench_ivec2::checked_add_unsigned_inrange: 3000 26 4 0 0
bench_ivec2::checked_add_unsigned_none: 2730 24 3 0 0
bench_ivec2::checked_div_inrange: 11180 76 10 0 0
bench_ivec2::checked_div_none: 2120 20 0 0 0
bench_ivec2::checked_manhattan_distance_ge: 3880 34 4 0 0
bench_ivec2::checked_manhattan_distance_lt: 4960 44 6 0 0
bench_ivec2::checked_mul_inrange: 3000 26 4 0 0
bench_ivec2::checked_mul_none: 2090 19 1 0 0
bench_ivec2::checked_sub_inrange: 3000 26 4 0 0
bench_ivec2::checked_sub_none: 2190 20 1 0 0
bench_ivec2::checked_sub_unsigned_inrange: 3000 26 4 0 0
bench_ivec2::checked_sub_unsigned_none: 2730 24 3 0 0
bench_ivec2::clamp_above: 4200 38 4 0 0
bench_ivec2::clamp_below: 3230 29 2 0 0
bench_ivec2::clamp_inside: 4120 37 4 0 0
bench_ivec2::cmpeq: 1400 14 0 0 0
bench_ivec2::cmpge: 2150 20 2 0 0
bench_ivec2::cmpgt: 2150 20 2 0 0
bench_ivec2::cmple: 2150 20 2 0 0
bench_ivec2::cmplt: 2150 20 2 0 0
bench_ivec2::cmpne: 1600 16 0 0 0
bench_ivec2::distance_squared: 1240 11 2 0 0
bench_ivec2::div_assign: 8840 54 10 0 0
bench_ivec2::div_assign_scalar: 8740 53 10 0 0
bench_ivec2::div_euclid_fixup: 12020 105 16 0 0
bench_ivec2::div_euclid_neg: 13100 115 18 0 0
bench_ivec2::div_euclid_pos: 8660 72 12 0 0
bench_ivec2::div_neg: 8840 62 12 0 0
bench_ivec2::div_pos: 8840 54 10 0 0
bench_ivec2::div_scalar_neg: 8740 61 12 0 0
bench_ivec2::div_scalar_pos: 8740 53 10 0 0
bench_ivec2::dot: 1040 9 2 0 0
bench_ivec2::dot_into_vec: 1140 10 2 0 0
bench_ivec2::element_product: 840 7 2 0 0
bench_ivec2::element_sum: 840 7 2 0 0
bench_ivec2::index_first: 510 5 0 0 0
bench_ivec2::index_last: 500 5 0 0 0
bench_ivec2::is_negative_bitmask_neg: 2040 19 2 0 0
bench_ivec2::is_negative_bitmask_pos: 1950 18 2 0 0
bench_ivec2::is_negative_mask: 2350 22 2 0 0
bench_ivec2::length_squared: 1040 9 2 0 0
bench_ivec2::manhattan_distance_ge: 3310 29 3 0 0
bench_ivec2::manhattan_distance_lt: 4390 39 5 0 0
bench_ivec2::max_element_first: 870 8 1 0 0
bench_ivec2::max_element_last: 770 7 1 0 0
bench_ivec2::max_lhs: 1940 18 2 0 0
bench_ivec2::max_position_first: 770 7 1 0 0
bench_ivec2::max_position_last: 870 8 1 0 0
bench_ivec2::max_rhs: 1960 18 2 0 0
bench_ivec2::min_element_first: 870 8 1 0 0
bench_ivec2::min_element_last: 770 7 1 0 0
bench_ivec2::min_lhs: 1940 18 2 0 0
bench_ivec2::min_position_first: 770 7 1 0 0
bench_ivec2::min_position_last: 870 8 1 0 0
bench_ivec2::min_rhs: 1960 18 2 0 0
bench_ivec2::mul: 1680 14 4 0 0
bench_ivec2::mul_assign: 1680 14 4 0 0
bench_ivec2::mul_assign_scalar: 1680 14 4 0 0
bench_ivec2::mul_scalar: 1680 14 4 0 0
bench_ivec2::neg: 600 6 0 0 0
bench_ivec2::perp: 400 4 0 0 0
bench_ivec2::perp_dot: 1040 9 2 0 0
bench_ivec2::rem_assign: 8840 54 10 0 0
bench_ivec2::rem_assign_scalar: 8740 53 10 0 0
bench_ivec2::rem_euclid_fixup: 10340 90 14 0 0
bench_ivec2::rem_euclid_neg: 11600 102 16 0 0
bench_ivec2::rem_euclid_pos: 8140 68 12 0 0
bench_ivec2::rem_neg: 8840 62 12 0 0
bench_ivec2::rem_pos: 8840 54 10 0 0
bench_ivec2::rem_scalar_neg: 8740 61 12 0 0
bench_ivec2::rem_scalar_pos: 8740 53 10 0 0
bench_ivec2::rotate: 3000 26 4 0 0
bench_ivec2::saturating_add_inrange: 3400 30 4 0 0
bench_ivec2::saturating_add_saturates: 3060 28 2 0 0
bench_ivec2::saturating_add_unsigned_inrange: 3680 32 4 0 0
bench_ivec2::saturating_add_unsigned_saturates: 4340 38 6 0 0
bench_ivec2::saturating_div_inrange: 11580 80 10 0 0
bench_ivec2::saturating_div_saturates: 3740 30 0 0 0
bench_ivec2::saturating_mul_inrange: 3680 32 4 0 0
bench_ivec2::saturating_mul_saturates: 4420 40 4 0 0
bench_ivec2::saturating_sub_inrange: 3400 30 4 0 0
bench_ivec2::saturating_sub_saturates: 3260 30 2 0 0
bench_ivec2::saturating_sub_unsigned_inrange: 3680 32 4 0 0
bench_ivec2::saturating_sub_unsigned_saturates: 4340 38 6 0 0
bench_ivec2::select_false: 1200 12 0 0 0
bench_ivec2::select_true: 1000 10 0 0 0
bench_ivec2::shl_neg: 10110 88 17 0 0
bench_ivec2::shl_pos: 8930 78 13 0 0
bench_ivec2::shr_neg: 8560 73 16 0 0
bench_ivec2::shr_pos: 8560 73 16 0 0
bench_ivec2::signum_neg: 1940 18 2 0 0
bench_ivec2::signum_pos: 1960 18 2 0 0
bench_ivec2::signum_zero: 1440 14 0 0 0
bench_ivec2::sub: 2600 22 4 0 0
bench_ivec2::sub_assign: 2600 22 4 0 0
bench_ivec2::sub_assign_scalar: 2600 22 4 0 0
bench_ivec2::sub_scalar: 2600 22 4 0 0
bench_ivec2::try_into_none: 970 9 1 0 0
bench_ivec2::try_into_some: 1140 10 2 0 0
bench_ivec2::wrapping_add_inrange: 3400 30 4 0 0
bench_ivec2::wrapping_add_unsigned_inrange: 3760 32 4 0 0
bench_ivec2::wrapping_add_unsigned_wraps: 5820 50 10 0 0
bench_ivec2::wrapping_add_wraps: 3060 28 2 0 0
bench_ivec2::wrapping_div_inrange: 11580 80 10 0 0
bench_ivec2::wrapping_div_wraps: 3740 30 0 0 0
bench_ivec2::wrapping_mul_inrange: 3940 32 4 0 0
bench_ivec2::wrapping_mul_wraps: 8320 70 16 0 0
bench_ivec2::wrapping_sub_inrange: 3400 30 4 0 0
bench_ivec2::wrapping_sub_unsigned_inrange: 3760 32 4 0 0
bench_ivec2::wrapping_sub_unsigned_wraps: 5820 50 10 0 0
bench_ivec2::wrapping_sub_wraps: 3260 30 2 0 0
