# bench: l2_gas steps range_check bitwise other_builtins
bench_mat2::abs: 4520 40 4 0 0
bench_mat2::abs_diff_eq_false: 2670 24 2 0 0
bench_mat2::abs_diff_eq_true: 6320 56 8 0 0
bench_mat2::add: 4280 36 8 0 0
bench_mat2::add_assign: 4280 36 8 0 0
bench_mat2::add_mat2: 4280 36 8 0 0
bench_mat2::alt_div_scalar_plain_div_scalar: 13840 116 24 0 0
bench_mat2::alt_inverse_plain_inverse: 22840 154 28 0 0
bench_mat2::alt_inverse_plain_try_inverse_none: 22840 38 4 0 0
bench_mat2::alt_inverse_plain_try_inverse_some: 22840 154 28 0 0
bench_mat2::alt_mul_mat_transpose_mul_mat2: 8440 72 16 0 0
bench_mat2::alt_mul_vec_unfused_mul_vec2: 9320 78 20 0 0
bench_mat2::col_first: 610 6 0 0 0
bench_mat2::col_last: 600 6 0 0 0
bench_mat2::determinant: 1880 16 4 0 0
bench_mat2::determinant_singular: 1880 16 4 0 0
bench_mat2::diagonal: 200 2 0 0 0
bench_mat2::div_assign_scalar: 9140 76 20 0 0
bench_mat2::div_scalar: 9140 76 20 0 0
bench_mat2::from_angle: 31700 247 62 0 0
bench_mat2::from_cols: 400 4 0 0 0
bench_mat2::from_cols_array: 400 4 0 0 0
bench_mat2::from_cols_array_2d: 400 4 0 0 0
bench_mat2::from_diagonal: 400 4 0 0 0
bench_mat2::from_mat3: 400 4 0 0 0
bench_mat2::from_mat3_minor_first: 2360 22 0 0 0
bench_mat2::from_mat3_minor_last: 2820 27 0 0 0
bench_mat2::from_rows: 400 4 0 0 0
bench_mat2::from_rows_array: 400 4 0 0 0
bench_mat2::from_scale_angle: 39040 308 78 0 0
bench_mat2::inverse: 13310 105 24 0 0
bench_mat2::inverse_or_zero_none: 13310 36 4 0 0
bench_mat2::inverse_or_zero_some: 13310 105 24 0 0
bench_mat2::mul: 8440 72 16 0 0
bench_mat2::mul_assign: 8440 72 16 0 0
bench_mat2::mul_assign_scalar: 7640 64 16 0 0
bench_mat2::mul_diagonal_scale: 7640 64 16 0 0
bench_mat2::mul_mat2: 8440 72 16 0 0
bench_mat2::mul_scalar: 7640 64 16 0 0
bench_mat2::mul_transpose_vec2: 4680 40 8 0 0
bench_mat2::mul_vec2: 4680 40 8 0 0
bench_mat2::neg: 1200 12 0 0 0
bench_mat2::recip: 11920 100 20 0 0
bench_mat2::row_first: 810 8 0 0 0
bench_mat2::row_last: 800 8 0 0 0
bench_mat2::sub: 4280 36 8 0 0
bench_mat2::sub_assign: 4280 36 8 0 0
bench_mat2::sub_mat2: 4280 36 8 0 0
bench_mat2::to_cols_array: 400 4 0 0 0
bench_mat2::to_cols_array_2d: 400 4 0 0 0
bench_mat2::to_rows_array: 400 4 0 0 0
bench_mat2::transpose: 400 4 0 0 0
bench_mat2::try_inverse_none: 13510 38 4 0 0
bench_mat2::try_inverse_some: 13510 107 24 0 0
