# bench: l2_gas steps range_check bitwise other_builtins
bench_mat3::abs: 9560 86 9 0 0
bench_mat3::abs_diff_eq_false: 2670 24 2 0 0
bench_mat3::abs_diff_eq_true: 12570 111 18 0 0
bench_mat3::add: 8480 71 18 0 0
bench_mat3::add_assign: 8480 71 18 0 0
bench_mat3::add_mat3: 8480 71 18 0 0
bench_mat3::alt_determinant_cross_determinant: 8640 74 16 0 0
bench_mat3::alt_determinant_cross_determinant_singular: 8640 74 16 0 0
bench_mat3::alt_div_scalar_plain_div_scalar: 30530 257 54 0 0
bench_mat3::alt_from_quat_unfused_from_quat: 43460 362 102 0 0
bench_mat3::alt_inverse_plain_inverse: 63360 456 94 0 0
bench_mat3::alt_inverse_plain_try_inverse_none: 63360 63 4 0 0
bench_mat3::alt_inverse_plain_try_inverse_some: 63360 456 94 0 0
bench_mat3::alt_mul_mat_transpose_mul_mat3: 19640 170 36 0 0
bench_mat3::alt_mul_vec_unfused_mul_vec3: 20780 173 48 0 0
bench_mat3::col_first: 720 7 0 0 0
bench_mat3::col_last: 900 9 0 0 0
bench_mat3::determinant: 3800 34 4 0 0
bench_mat3::determinant_singular: 3800 34 4 0 0
bench_mat3::diagonal: 300 3 0 0 0
bench_mat3::div_assign_scalar: 17040 141 40 0 0
bench_mat3::div_scalar: 17040 141 40 0 0
bench_mat3::from_angle: 32200 252 62 0 0
bench_mat3::from_axis_angle: 50680 409 100 0 0
bench_mat3::from_cols: 900 9 0 0 0
bench_mat3::from_cols_array: 900 9 0 0 0
bench_mat3::from_cols_array_2d: 900 9 0 0 0
bench_mat3::from_diagonal: 900 9 0 0 0
bench_mat3::from_mat2: 900 9 0 0 0
bench_mat3::from_mat4: 900 9 0 0 0
bench_mat3::from_mat4_minor_first: 3380 32 0 0 0
bench_mat3::from_mat4_minor_last: 4220 41 0 0 0
bench_mat3::from_quat: 20660 176 42 0 0
bench_mat3::from_rotation_x: 32200 252 62 0 0
bench_mat3::from_rotation_y: 32200 252 62 0 0
bench_mat3::from_rotation_z: 32200 252 62 0 0
bench_mat3::from_rows: 900 9 0 0 0
bench_mat3::from_rows_array: 900 9 0 0 0
bench_mat3::from_scale: 900 9 0 0 0
bench_mat3::from_scale_angle_translation: 39540 313 78 0 0
bench_mat3::from_translation: 900 9 0 0 0
bench_mat3::inverse: 39530 328 80 0 0
bench_mat3::inverse_or_zero_none: 39530 61 4 0 0
bench_mat3::inverse_or_zero_some: 39530 328 80 0 0
bench_mat3::mul: 19640 170 36 0 0
bench_mat3::mul_assign: 19640 170 36 0 0
bench_mat3::mul_assign_affine2: 19040 164 36 0 0
bench_mat3::mul_assign_scalar: 16040 134 36 0 0
bench_mat3::mul_diagonal_scale: 16040 134 36 0 0
bench_mat3::mul_mat3: 19640 170 36 0 0
bench_mat3::mul_scalar: 16040 134 36 0 0
bench_mat3::mul_transpose_vec3: 7160 62 12 0 0
bench_mat3::mul_vec3: 7160 62 12 0 0
bench_mat3::neg: 3620 35 0 0 0
bench_mat3::recip: 26210 221 45 0 0
bench_mat3::row_first: 1020 10 0 0 0
bench_mat3::row_last: 1200 12 0 0 0
bench_mat3::sub: 8480 71 18 0 0
bench_mat3::sub_assign: 8480 71 18 0 0
bench_mat3::sub_mat3: 8480 71 18 0 0
bench_mat3::to_cols_array: 900 9 0 0 0
bench_mat3::to_cols_array_2d: 900 9 0 0 0
bench_mat3::to_rows_array: 900 9 0 0 0
bench_mat3::transform_point2: 5080 44 8 0 0
bench_mat3::transform_vector2: 4680 40 8 0 0
bench_mat3::transpose: 900 9 0 0 0
bench_mat3::try_inverse_none: 39730 63 4 0 0
bench_mat3::try_inverse_some: 39730 330 80 0 0
