# bench: l2_gas steps range_check bitwise other_builtins
bench_pose2::abs_diff_eq__false: 2670 24 2 0 0
bench_pose2::abs_diff_eq__true: 6320 56 8 0 0
bench_pose2::alt_inv_mul_composed: 10220 87 20 0 0
bench_pose2::alt_inv_mul_via_inverse: 14780 127 28 0 0
bench_pose2::alt_inverse_composed: 5780 51 8 0 0
bench_pose2::alt_inverse_transform_point_composed: 6460 55 12 0 0
bench_pose2::alt_inverse_transform_vector_composed: 4980 43 8 0 0
bench_pose2::alt_mul_composed: 10120 86 20 0 0
bench_pose2::alt_transform_point_composed: 6360 54 12 0 0
bench_pose2::append_translation: 2800 24 4 0 0
bench_pose2::from_mat3: 9140 77 18 0 0
bench_pose2::inv_mul: 9920 84 20 0 0
bench_pose2::inverse: 5180 45 8 0 0
bench_pose2::inverse_transform_point: 6160 52 12 0 0
bench_pose2::inverse_transform_vector: 4680 40 8 0 0
bench_pose2::lerp: 78950 590 134 0 0
bench_pose2::mul: 8840 76 16 0 0
bench_pose2::mul_pose2: 8440 72 16 0 0
bench_pose2::mul_rot2: 4880 42 8 0 0
bench_pose2::mul_vec2: 5080 44 8 0 0
bench_pose2::new: 31500 245 62 0 0
bench_pose2::prepend_translation: 5280 46 8 0 0
bench_pose2::rotation: 31500 245 62 0 0
bench_pose2::to_mat3: 1100 11 0 0 0
bench_pose2::transform_point: 5080 44 8 0 0
bench_pose2::transform_vector: 4680 40 8 0 0
