# bench: l2_gas steps range_check bitwise other_builtins
bench_quat::abs_diff_eq__false: 2670 24 2 0 0
bench_quat::abs_diff_eq__true: 6320 56 8 0 0
bench_quat::add: 4280 36 8 0 0
bench_quat::add_assign: 4280 36 8 0 0
bench_quat::alt_from_axis_angle_two_calls: 52300 379 94 0 0
bench_quat::alt_from_rotation_axes_fixed_recip__w: 19900 164 41 0 0
bench_quat::alt_from_rotation_axes_fixed_recip__x: 19900 163 41 0 0
bench_quat::alt_from_rotation_axes_fixed_recip__y: 19900 164 41 0 0
bench_quat::alt_from_rotation_axes_fixed_recip__z: 19900 164 41 0 0
bench_quat::alt_from_scaled_axis_fused: 44350 352 91 0 0
bench_quat::alt_is_near_identity_angle: 32070 256 62 0 0
bench_quat::alt_lerp_glam: 31140 260 71 0 0
bench_quat::alt_mul_quat_unfused: 37080 308 88 0 0
bench_quat::alt_mul_vec3_two_cross: 22580 191 48 0 0
bench_quat::alt_slerp_fixed_recip: 130750 995 250 0 0
bench_quat::alt_to_scaled_axis_fused: 40500 305 72 0 0
bench_quat::angle_between: 33340 267 65 0 0
bench_quat::conjugate: 1000 10 0 0 0
bench_quat::div_assign_scalar: 9140 76 20 0 0
bench_quat::div_scalar: 9140 76 20 0 0
bench_quat::dot: 3200 28 4 0 0
bench_quat::from_affine3: 19770 163 42 0 0
bench_quat::from_axis_angle: 40350 312 78 0 0
bench_quat::from_mat3: 19770 163 42 0 0
bench_quat::from_mat4: 19770 163 42 0 0
bench_quat::from_rotation_arc: 52200 178 44 0 0
bench_quat::from_rotation_arc_2d: 14290 113 28 0 0
bench_quat::from_rotation_arc_2d__same: 14290 41 5 0 0
bench_quat::from_rotation_arc__opposite: 52200 418 100 0 0
bench_quat::from_rotation_arc__same: 52200 45 5 0 0
bench_quat::from_rotation_arc_colinear: 56150 209 49 0 0
bench_quat::from_rotation_axes__w: 19770 163 42 0 0
bench_quat::from_rotation_axes__x: 19770 162 42 0 0
bench_quat::from_rotation_axes__y: 19770 163 42 0 0
bench_quat::from_rotation_axes__z: 19770 163 42 0 0
bench_quat::from_rotation_x: 34000 266 66 0 0
bench_quat::from_rotation_y: 34000 266 66 0 0
bench_quat::from_rotation_z: 34000 266 66 0 0
bench_quat::from_scaled_axis: 48820 382 99 0 0
bench_quat::from_scaled_axis__zero: 48820 35 5 0 0
bench_quat::into_vec4: 400 4 0 0 0
bench_quat::inverse: 1000 10 0 0 0
bench_quat::is_near_identity__false: 1670 15 2 0 0
bench_quat::is_near_identity__true: 1770 16 2 0 0
bench_quat::is_normalized: 4940 44 6 0 0
bench_quat::length: 3540 30 6 0 0
bench_quat::length_recip: 5590 47 11 0 0
bench_quat::length_squared: 2280 20 4 0 0
bench_quat::lerp: 24120 196 47 0 0
bench_quat::lerp__long_path: 24120 198 47 0 0
bench_quat::look_at_lh: 51590 431 112 0 0
bench_quat::look_at_rh: 50690 422 112 0 0
bench_quat::look_to_lh: 41570 349 86 0 0
bench_quat::look_to_rh: 40050 335 86 0 0
bench_quat::mul: 10040 88 16 0 0
bench_quat::mul_assign: 10040 88 16 0 0
bench_quat::mul_assign_scalar: 7640 64 16 0 0
bench_quat::mul_quat: 10040 88 16 0 0
bench_quat::mul_scalar: 7640 64 16 0 0
bench_quat::mul_vec3: 9360 84 12 0 0
bench_quat::neg: 1200 12 0 0 0
bench_quat::normalize: 10500 87 24 0 0
bench_quat::rotate_towards: 162720 1268 305 0 0
bench_quat::rotate_towards__aligned: 162720 284 66 0 0
bench_quat::slerp: 124060 932 225 0 0
bench_quat::slerp__long_path: 124060 932 225 0 0
bench_quat::slerp__near: 124060 223 48 0 0
bench_quat::slerp_long: 124060 999 237 0 0
bench_quat::slerp_long__near: 124060 227 48 0 0
bench_quat::sub: 4280 36 8 0 0
bench_quat::sub_assign: 4280 36 8 0 0
bench_quat::to_axis_angle: 40100 297 69 0 0
bench_quat::to_axis_angle__short: 40100 44 7 0 0
bench_quat::to_scaled_axis: 47170 349 81 0 0
bench_quat::to_scaled_axis__short: 47170 96 19 0 0
