# bench: l2_gas steps range_check bitwise other_builtins
bench_quat::abs_diff_eq__false: 2550 24 2 0 0
bench_quat::abs_diff_eq__true: 6200 56 8 0 0
bench_quat::add: 4160 36 8 0 0
bench_quat::add_assign: 4160 36 8 0 0
bench_quat::alt_from_axis_angle_two_calls: 52180 379 94 0 0
bench_quat::alt_from_rotation_axes_fixed_recip__w: 21310 168 41 0 0
bench_quat::alt_from_rotation_axes_fixed_recip__x: 21310 167 41 0 0
bench_quat::alt_from_rotation_axes_fixed_recip__y: 21310 168 41 0 0
bench_quat::alt_from_rotation_axes_fixed_recip__z: 21310 168 41 0 0
bench_quat::alt_from_scaled_axis_fused: 44230 352 91 0 0
bench_quat::alt_is_near_identity_angle: 31950 256 62 0 0
bench_quat::alt_lerp_glam: 31020 260 71 0 0
bench_quat::alt_mul_quat_unfused: 36960 308 88 0 0
bench_quat::alt_mul_vec3_two_cross: 22460 191 48 0 0
bench_quat::alt_rotate_towards_recompute: 162350 1264 305 0 0
bench_quat::alt_slerp_duplicated_body: 122180 923 225 0 0
bench_quat::alt_slerp_fixed_recip: 131000 998 250 0 0
bench_quat::alt_slerp_hoisted_match: 123580 938 225 0 0
bench_quat::alt_slerp_shared_call: 125260 944 225 0 0
bench_quat::alt_to_scaled_axis_fused: 41890 310 72 0 0
bench_quat::angle_between: 33220 267 65 0 0
bench_quat::conjugate: 1000 10 0 0 0
bench_quat::div_assign_scalar: 9020 76 20 0 0
bench_quat::div_scalar: 9020 76 20 0 0
bench_quat::dot: 3080 28 4 0 0
bench_quat::from_affine3: 19770 163 42 0 0
bench_quat::from_axis_angle: 40350 312 78 0 0
bench_quat::from_mat3: 19770 163 42 0 0
bench_quat::from_mat4: 19770 163 42 0 0
bench_quat::from_rotation_arc: 53610 178 44 0 0
bench_quat::from_rotation_arc_2d: 14290 113 28 0 0
bench_quat::from_rotation_arc_2d__same: 14290 41 5 0 0
bench_quat::from_rotation_arc__opposite: 53610 422 100 0 0
bench_quat::from_rotation_arc__same: 53610 45 5 0 0
bench_quat::from_rotation_arc_colinear: 57560 209 49 0 0
bench_quat::from_rotation_axes__w: 19770 163 42 0 0
bench_quat::from_rotation_axes__x: 19770 162 42 0 0
bench_quat::from_rotation_axes__y: 19770 163 42 0 0
bench_quat::from_rotation_axes__z: 19770 163 42 0 0
bench_quat::from_rotation_x: 33880 266 66 0 0
bench_quat::from_rotation_y: 33880 266 66 0 0
bench_quat::from_rotation_z: 33880 266 66 0 0
bench_quat::from_scaled_axis: 48820 382 99 0 0
bench_quat::from_scaled_axis__zero: 48820 35 5 0 0
bench_quat::into_vec4: 400 4 0 0 0
bench_quat::inverse: 1000 10 0 0 0
bench_quat::is_near_identity__false: 1340 12 2 0 0
bench_quat::is_near_identity__true: 1100 10 1 0 0
bench_quat::is_normalized: 2410 22 3 0 0
bench_quat::length: 3420 30 6 0 0
bench_quat::length_recip: 5770 50 11 0 0
bench_quat::length_squared: 2280 20 4 0 0
bench_quat::lerp: 24120 196 47 0 0
bench_quat::lerp__long_path: 24120 198 47 0 0
bench_quat::look_at_lh: 51470 431 112 0 0
bench_quat::look_at_rh: 50570 422 112 0 0
bench_quat::look_to_lh: 41450 349 86 0 0
bench_quat::look_to_rh: 40050 335 86 0 0
bench_quat::mul: 9920 88 16 0 0
bench_quat::mul_assign: 9920 88 16 0 0
bench_quat::mul_assign_scalar: 7520 64 16 0 0
bench_quat::mul_quat: 9920 88 16 0 0
bench_quat::mul_scalar: 7520 64 16 0 0
bench_quat::mul_vec3: 9240 84 12 0 0
bench_quat::neg: 1200 12 0 0 0
bench_quat::normalize: 10380 87 24 0 0
bench_quat::product3: 37240 336 52 0 0
bench_quat::rotate_towards: 130610 1012 244 0 0
bench_quat::rotate_towards__aligned: 130610 288 66 0 0
bench_quat::slerp: 122180 923 225 0 0
bench_quat::slerp__long_path: 122180 923 225 0 0
bench_quat::slerp__near: 122180 216 48 0 0
bench_quat::slerp_long: 121650 978 237 0 0
bench_quat::slerp_long__near: 121650 208 48 0 0
bench_quat::sub: 4160 36 8 0 0
bench_quat::sub_assign: 4160 36 8 0 0
bench_quat::sum3: 15400 140 20 0 0
bench_quat::to_axis_angle: 46080 304 69 0 0
bench_quat::to_axis_angle__short: 46080 44 7 0 0
bench_quat::to_scaled_axis: 53150 356 81 0 0
bench_quat::to_scaled_axis__short: 53150 96 19 0 0
