# bench: l2_gas steps range_check bitwise other_builtins
bench_swizzles::ivec2_xxy: 300 3 0 0 0
bench_swizzles::ivec2_yx: 200 2 0 0 0
bench_swizzles::ivec2_yxxy: 400 4 0 0 0
bench_swizzles::ivec3_with_xz: 300 3 0 0 0
bench_swizzles::ivec3_zy: 200 2 0 0 0
bench_swizzles::ivec3_zyx: 300 3 0 0 0
bench_swizzles::ivec3_zyxx: 400 4 0 0 0
bench_swizzles::ivec4_with_wzy: 400 4 0 0 0
bench_swizzles::ivec4_with_xy: 400 4 0 0 0
bench_swizzles::ivec4_wzy: 300 3 0 0 0
bench_swizzles::ivec4_wzyx: 400 4 0 0 0
bench_swizzles::ivec4_xxxx: 400 4 0 0 0
bench_swizzles::ivec4_zw: 200 2 0 0 0
bench_swizzles::uvec2_xxy: 300 3 0 0 0
bench_swizzles::uvec2_yx: 200 2 0 0 0
bench_swizzles::uvec2_yxxy: 400 4 0 0 0
bench_swizzles::uvec3_with_xz: 300 3 0 0 0
bench_swizzles::uvec3_zy: 200 2 0 0 0
bench_swizzles::uvec3_zyx: 300 3 0 0 0
bench_swizzles::uvec3_zyxx: 400 4 0 0 0
bench_swizzles::uvec4_with_wzy: 400 4 0 0 0
bench_swizzles::uvec4_with_xy: 400 4 0 0 0
bench_swizzles::uvec4_wzy: 300 3 0 0 0
bench_swizzles::uvec4_wzyx: 400 4 0 0 0
bench_swizzles::uvec4_xxxx: 400 4 0 0 0
bench_swizzles::uvec4_zw: 200 2 0 0 0
bench_swizzles::vec2_xxy: 300 3 0 0 0
bench_swizzles::vec2_yx: 200 2 0 0 0
bench_swizzles::vec2_yxxy: 400 4 0 0 0
bench_swizzles::vec3_with_xz: 300 3 0 0 0
bench_swizzles::vec3_zy: 200 2 0 0 0
bench_swizzles::vec3_zyx: 300 3 0 0 0
bench_swizzles::vec3_zyxx: 400 4 0 0 0
bench_swizzles::vec4_with_wzy: 400 4 0 0 0
bench_swizzles::vec4_with_xy: 400 4 0 0 0
bench_swizzles::vec4_wzy: 300 3 0 0 0
bench_swizzles::vec4_wzyx: 400 4 0 0 0
bench_swizzles::vec4_xxxx: 400 4 0 0 0
bench_swizzles::vec4_zw: 200 2 0 0 0
