# bench: l2_gas steps range_check bitwise other_builtins
bench_uvec4::add: 3080 28 4 0 0
bench_uvec4::add_assign: 3080 28 4 0 0
bench_uvec4::add_assign_scalar: 3080 28 4 0 0
bench_uvec4::add_scalar: 3080 28 4 0 0
bench_uvec4::alt_dot_plain: 4190 37 7 0 0
bench_uvec4::alt_element_product_plain: 1510 13 3 0 0
bench_uvec4::alt_element_sum_plain: 1510 13 3 0 0
bench_uvec4::alt_length_squared_plain: 4190 37 7 0 0
bench_uvec4::alt_manhattan_distance_plain_ge: 5910 53 7 0 0
bench_uvec4::alt_manhattan_distance_plain_lt: 7270 65 11 0 0
bench_uvec4::as_ivec4_high: 7240 64 12 0 0
bench_uvec4::as_ivec4_low: 4840 44 4 0 0
bench_uvec4::bitand: 3932 16 0 4 0
bench_uvec4::bitnot: 800 8 0 0 0
bench_uvec4::bitor: 3932 16 0 4 0
bench_uvec4::bitxor: 3932 16 0 4 0
bench_uvec4::chebyshev_distance_ge: 6930 63 7 0 0
bench_uvec4::chebyshev_distance_lt: 8290 75 11 0 0
bench_uvec4::checked_add_inrange: 3480 32 4 0 0
bench_uvec4::checked_add_none: 2070 20 1 0 0
bench_uvec4::checked_add_signed_inrange: 4160 36 8 0 0
bench_uvec4::checked_add_signed_none: 2810 26 3 0 0
bench_uvec4::checked_div_inrange: 5540 47 12 0 0
bench_uvec4::checked_div_none: 1800 18 0 0 0
bench_uvec4::checked_manhattan_distance_ge: 5740 52 6 0 0
bench_uvec4::checked_manhattan_distance_lt: 7100 64 10 0 0
bench_uvec4::checked_mul_inrange: 3480 32 4 0 0
bench_uvec4::checked_mul_none: 2070 20 1 0 0
bench_uvec4::checked_sub_inrange: 3080 28 4 0 0
bench_uvec4::checked_sub_none: 2070 20 1 0 0
bench_uvec4::clamp_above: 7160 66 8 0 0
bench_uvec4::clamp_below: 5490 51 4 0 0
bench_uvec4::clamp_inside: 7100 65 8 0 0
bench_uvec4::cmpeq: 2400 24 0 0 0
bench_uvec4::cmpge: 4720 44 4 0 0
bench_uvec4::cmpgt: 4680 44 4 0 0
bench_uvec4::cmple: 4680 44 4 0 0
bench_uvec4::cmplt: 4720 44 4 0 0
bench_uvec4::cmpne: 3600 36 0 0 0
bench_uvec4::div: 5240 44 12 0 0
bench_uvec4::div_assign: 5240 44 12 0 0
bench_uvec4::div_assign_scalar: 4140 33 12 0 0
bench_uvec4::div_scalar: 4140 33 12 0 0
bench_uvec4::dot: 1340 12 2 0 0
bench_uvec4::dot_into_vec: 1640 15 2 0 0
bench_uvec4::element_product: 940 8 2 0 0
bench_uvec4::element_sum: 940 8 2 0 0
bench_uvec4::index_first: 530 5 0 0 0
bench_uvec4::index_last: 900 9 0 0 0
bench_uvec4::length_squared: 1340 12 2 0 0
bench_uvec4::manhattan_distance_ge: 5340 48 6 0 0
bench_uvec4::manhattan_distance_lt: 6700 60 10 0 0
bench_uvec4::max_element_first: 2610 24 3 0 0
bench_uvec4::max_element_last: 2530 23 3 0 0
bench_uvec4::max_lhs: 4680 44 4 0 0
bench_uvec4::max_position_first: 3530 33 3 0 0
bench_uvec4::max_position_last: 3610 34 3 0 0
bench_uvec4::max_rhs: 4720 44 4 0 0
bench_uvec4::min_element_first: 2610 24 3 0 0
bench_uvec4::min_element_last: 2530 23 3 0 0
bench_uvec4::min_lhs: 4680 44 4 0 0
bench_uvec4::min_position_first: 3530 33 3 0 0
bench_uvec4::min_position_last: 3610 34 3 0 0
bench_uvec4::min_rhs: 4720 44 4 0 0
bench_uvec4::mul: 3080 28 4 0 0
bench_uvec4::mul_assign: 3080 28 4 0 0
bench_uvec4::mul_assign_scalar: 3080 28 4 0 0
bench_uvec4::mul_scalar: 3080 28 4 0 0
bench_uvec4::rem: 5240 44 12 0 0
bench_uvec4::rem_assign: 5240 44 12 0 0
bench_uvec4::rem_assign_scalar: 4140 33 12 0 0
bench_uvec4::rem_scalar: 4140 33 12 0 0
bench_uvec4::saturating_add_inrange: 4680 44 4 0 0
bench_uvec4::saturating_add_saturates: 4680 44 4 0 0
bench_uvec4::saturating_add_signed_inrange: 6120 52 8 0 0
bench_uvec4::saturating_add_signed_saturates: 10360 92 16 0 0
bench_uvec4::saturating_div_inrange: 5240 44 12 0 0
bench_uvec4::saturating_mul_inrange: 4680 44 4 0 0
bench_uvec4::saturating_mul_saturates: 4680 44 4 0 0
bench_uvec4::saturating_sub_inrange: 4720 44 4 0 0
bench_uvec4::saturating_sub_saturates: 4680 44 4 0 0
bench_uvec4::select_false: 3400 34 0 0 0
bench_uvec4::select_true: 3000 30 0 0 0
bench_uvec4::shl: 8190 70 17 0 0
bench_uvec4::shr: 6010 51 13 0 0
bench_uvec4::sub: 2680 24 4 0 0
bench_uvec4::sub_assign: 2680 24 4 0 0
bench_uvec4::sub_assign_scalar: 2680 24 4 0 0
bench_uvec4::sub_scalar: 2680 24 4 0 0
bench_uvec4::try_into_none: 1970 19 1 0 0
bench_uvec4::try_into_some: 3080 28 4 0 0
bench_uvec4::wrapping_add_inrange: 4680 44 4 0 0
bench_uvec4::wrapping_add_signed_inrange: 6240 52 8 0 0
bench_uvec4::wrapping_add_signed_wraps: 12920 112 24 0 0
bench_uvec4::wrapping_add_wraps: 4680 44 4 0 0
bench_uvec4::wrapping_div_inrange: 5240 44 12 0 0
bench_uvec4::wrapping_mul_inrange: 6840 60 12 0 0
bench_uvec4::wrapping_mul_wraps: 6440 56 12 0 0
bench_uvec4::wrapping_sub_inrange: 4720 44 4 0 0
bench_uvec4::wrapping_sub_wraps: 4680 44 4 0 0
