# bench: l2_gas steps range_check bitwise other_builtins
bench_uvec3::add: 2630 23 3 0 0
bench_uvec3::add_assign: 2630 23 3 0 0
bench_uvec3::add_assign_scalar: 2630 23 3 0 0
bench_uvec3::add_scalar: 2630 23 3 0 0
bench_uvec3::alt_as_ivec3_checked_low: 1410 12 3 0 0
bench_uvec3::alt_as_ivec3_not_high: 7760 68 12 0 0
bench_uvec3::alt_as_ivec3_not_low: 4100 35 3 0 0
bench_uvec3::alt_checked_mul_core_inrange: 5250 45 9 0 0
bench_uvec3::alt_checked_mul_core_none: 2730 24 3 0 0
bench_uvec3::alt_clamp_min_max_above: 6470 59 6 0 0
bench_uvec3::alt_clamp_min_max_below: 6470 59 6 0 0
bench_uvec3::alt_clamp_min_max_inside: 6440 59 6 0 0
bench_uvec3::alt_cross_plain: 5150 44 9 0 0
bench_uvec3::alt_dot_plain: 3370 29 5 0 0
bench_uvec3::alt_dot_u64: 2630 23 3 0 0
bench_uvec3::alt_element_product_plain: 1040 9 2 0 0
bench_uvec3::alt_element_sum_plain: 1040 9 2 0 0
bench_uvec3::alt_length_squared_plain: 3370 29 5 0 0
bench_uvec3::alt_manhattan_distance_cmp_ge: 5510 48 8 0 0
bench_uvec3::alt_manhattan_distance_cmp_lt: 5480 48 8 0 0
bench_uvec3::alt_manhattan_distance_plain_ge: 4660 41 5 0 0
bench_uvec3::alt_manhattan_distance_plain_lt: 5680 50 8 0 0
bench_uvec3::alt_min_core_lhs: 3860 35 3 0 0
bench_uvec3::alt_min_core_rhs: 3830 35 3 0 0
bench_uvec3::alt_saturating_mul_core_inrange: 5750 50 9 0 0
bench_uvec3::alt_saturating_mul_core_saturates: 5450 47 9 0 0
bench_uvec3::alt_select_match_false: 1900 19 0 0 0
bench_uvec3::alt_select_match_true: 1600 16 0 0 0
bench_uvec3::alt_shl_call: 8210 62 13 0 0
bench_uvec3::alt_shl_pow: 17620 154 30 0 0
bench_uvec3::alt_shl_table: 6930 59 13 0 0
bench_uvec3::alt_wrapping_mul_divrem_inrange: 5660 47 12 0 0
bench_uvec3::alt_wrapping_mul_divrem_wraps: 5660 47 12 0 0
bench_uvec3::alt_wrapping_mul_fast_inrange: 4340 38 3 0 0
bench_uvec3::alt_wrapping_mul_fast_wraps: 7460 65 12 0 0
bench_uvec3::as_ivec3_high: 5750 50 9 0 0
bench_uvec3::as_ivec3_low: 3950 35 3 0 0
bench_uvec3::bitand: 2949 13 0 3 0
bench_uvec3::bitnot: 600 6 0 0 0
bench_uvec3::bitor: 2949 13 0 3 0
bench_uvec3::bitxor: 2949 13 0 3 0
bench_uvec3::chebyshev_distance_ge: 5270 47 5 0 0
bench_uvec3::chebyshev_distance_lt: 6290 56 8 0 0
bench_uvec3::checked_add_inrange: 3030 27 3 0 0
bench_uvec3::checked_add_none: 2090 19 1 0 0
bench_uvec3::checked_add_signed_inrange: 3540 30 6 0 0
bench_uvec3::checked_add_signed_none: 2830 25 3 0 0
bench_uvec3::checked_div_inrange: 4550 38 9 0 0
bench_uvec3::checked_div_none: 1820 17 0 0 0
bench_uvec3::checked_manhattan_distance_ge: 4860 43 5 0 0
bench_uvec3::checked_manhattan_distance_lt: 5880 52 8 0 0
bench_uvec3::checked_mul_inrange: 3030 27 3 0 0
bench_uvec3::checked_mul_none: 2090 19 1 0 0
bench_uvec3::checked_sub_inrange: 2730 24 3 0 0
bench_uvec3::checked_sub_none: 2090 19 1 0 0
bench_uvec3::clamp_above: 5740 52 6 0 0
bench_uvec3::clamp_below: 4420 40 3 0 0
bench_uvec3::clamp_inside: 5670 51 6 0 0
bench_uvec3::cmpeq: 1900 19 0 0 0
bench_uvec3::cmpge: 3960 36 3 0 0
bench_uvec3::cmpgt: 3930 36 3 0 0
bench_uvec3::cmple: 3930 36 3 0 0
bench_uvec3::cmplt: 3960 36 3 0 0
bench_uvec3::cmpne: 2200 22 0 0 0
bench_uvec3::cross: 3740 32 6 0 0
bench_uvec3::div: 3330 27 9 0 0
bench_uvec3::div_assign: 3330 27 9 0 0
bench_uvec3::div_assign_scalar: 3130 25 9 0 0
bench_uvec3::div_scalar: 3130 25 9 0 0
bench_uvec3::dot: 1140 10 2 0 0
bench_uvec3::dot_into_vec: 1340 12 2 0 0
bench_uvec3::element_product: 840 7 2 0 0
bench_uvec3::element_sum: 840 7 2 0 0
bench_uvec3::index_first: 520 5 0 0 0
bench_uvec3::index_last: 700 7 0 0 0
bench_uvec3::length_squared: 1140 10 2 0 0
bench_uvec3::manhattan_distance_ge: 4460 39 5 0 0
bench_uvec3::manhattan_distance_lt: 5480 48 8 0 0
bench_uvec3::max_element_first: 1740 16 2 0 0
bench_uvec3::max_element_last: 1650 15 2 0 0
bench_uvec3::max_lhs: 3830 35 3 0 0
bench_uvec3::max_position_first: 1750 16 2 0 0
bench_uvec3::max_position_last: 1840 17 2 0 0
bench_uvec3::max_rhs: 3860 35 3 0 0
bench_uvec3::min_element_first: 1740 16 2 0 0
bench_uvec3::min_element_last: 1650 15 2 0 0
bench_uvec3::min_lhs: 3830 35 3 0 0
bench_uvec3::min_position_first: 1750 16 2 0 0
bench_uvec3::min_position_last: 1840 17 2 0 0
bench_uvec3::min_rhs: 3860 35 3 0 0
bench_uvec3::mul: 2630 23 3 0 0
bench_uvec3::mul_assign: 2630 23 3 0 0
bench_uvec3::mul_assign_scalar: 1710 15 3 0 0
bench_uvec3::mul_scalar: 1710 15 3 0 0
bench_uvec3::rem: 3330 27 9 0 0
bench_uvec3::rem_assign: 3330 27 9 0 0
bench_uvec3::rem_assign_scalar: 3130 25 9 0 0
bench_uvec3::rem_scalar: 3130 25 9 0 0
bench_uvec3::saturating_add_inrange: 3830 35 3 0 0
bench_uvec3::saturating_add_saturates: 3830 35 3 0 0
bench_uvec3::saturating_add_signed_inrange: 4910 41 6 0 0
bench_uvec3::saturating_add_signed_saturates: 8090 71 12 0 0
bench_uvec3::saturating_div_inrange: 3330 27 9 0 0
bench_uvec3::saturating_mul_inrange: 3830 35 3 0 0
bench_uvec3::saturating_mul_saturates: 3830 35 3 0 0
bench_uvec3::saturating_sub_inrange: 3860 35 3 0 0
bench_uvec3::saturating_sub_saturates: 3830 35 3 0 0
bench_uvec3::select_false: 1900 19 0 0 0
bench_uvec3::select_true: 1600 16 0 0 0
bench_uvec3::shl: 6730 57 13 0 0
bench_uvec3::shr: 5120 43 10 0 0
bench_uvec3::sub: 1410 12 3 0 0
bench_uvec3::sub_assign: 1410 12 3 0 0
bench_uvec3::sub_assign_scalar: 1410 12 3 0 0
bench_uvec3::sub_scalar: 1410 12 3 0 0
bench_uvec3::try_into_none: 1070 10 1 0 0
bench_uvec3::try_into_some: 1810 16 3 0 0
bench_uvec3::wrapping_add_inrange: 3830 35 3 0 0
bench_uvec3::wrapping_add_signed_inrange: 5000 41 6 0 0
bench_uvec3::wrapping_add_signed_wraps: 10010 86 18 0 0
bench_uvec3::wrapping_add_wraps: 3830 35 3 0 0
bench_uvec3::wrapping_div_inrange: 3330 27 9 0 0
bench_uvec3::wrapping_mul_inrange: 4530 39 9 0 0
bench_uvec3::wrapping_mul_wraps: 4230 36 9 0 0
bench_uvec3::wrapping_sub_inrange: 3860 35 3 0 0
bench_uvec3::wrapping_sub_wraps: 3830 35 3 0 0
