# bench: l2_gas steps range_check bitwise other_builtins
bench_vec3::abs_diff_eq_false: 2670 24 2 0 0
bench_vec3::abs_diff_eq_true: 5070 45 6 0 0
bench_vec3::abs_neg: 4430 41 3 0 0
bench_vec3::abs_pos: 3620 32 3 0 0
bench_vec3::add: 3440 29 6 0 0
bench_vec3::add_assign: 3440 29 6 0 0
bench_vec3::add_assign_scalar: 3440 29 6 0 0
bench_vec3::add_scalar: 3440 29 6 0 0
bench_vec3::alt_abs_diff_eq_glam_false: 8890 79 12 0 0
bench_vec3::alt_abs_diff_eq_glam_true: 8380 73 12 0 0
bench_vec3::alt_angle_between_acos: 40870 340 86 0 0
bench_vec3::alt_angle_to_glam: 38640 307 68 0 0
bench_vec3::alt_any_orthonormal_pair_unfused_neg: 22780 193 48 0 0
bench_vec3::alt_any_orthonormal_pair_unfused_pos: 22620 191 48 0 0
bench_vec3::alt_clamp_min_max_above: 6470 59 6 0 0
bench_vec3::alt_clamp_min_max_below: 6470 59 6 0 0
bench_vec3::alt_clamp_min_max_inside: 6440 59 6 0 0
bench_vec3::alt_cross_unfused: 13520 113 30 0 0
bench_vec3::alt_distance_sub_length: 5560 46 12 0 0
bench_vec3::alt_div_scalar_plain: 9470 80 18 0 0
bench_vec3::alt_dot_unfused: 7540 63 16 0 0
bench_vec3::alt_element_product_chain: 4280 36 8 0 0
bench_vec3::alt_is_negative_bitmask_felt_neg: 4070 36 5 0 0
bench_vec3::alt_is_negative_bitmask_felt_pos: 4100 36 5 0 0
bench_vec3::alt_length_recip_wide: 5560 46 12 0 0
bench_vec3::alt_length_via_squared: 5020 42 10 0 0
bench_vec3::alt_lerp_glam: 16040 134 36 0 0
bench_vec3::alt_midpoint_sum_half: 8180 68 18 0 0
bench_vec3::alt_min_element_fixed_first: 1740 16 2 0 0
bench_vec3::alt_min_element_fixed_last: 1650 15 2 0 0
bench_vec3::alt_mul_add_unfused: 8480 71 18 0 0
bench_vec3::alt_normalize_kernel: 10770 89 25 0 0
bench_vec3::alt_project_onto_recip: 13600 115 28 0 0
bench_vec3::alt_reflect_unfused: 11300 95 24 0 0
bench_vec3::alt_reject_from_normalized_sub: 10560 89 22 0 0
bench_vec3::alt_reject_from_sub: 15570 132 32 0 0
bench_vec3::alt_rotate_x_unfused: 40520 320 82 0 0
bench_vec3::alt_rotate_y_unfused: 40820 323 82 0 0
bench_vec3::alt_rotate_z_unfused: 40520 320 82 0 0
bench_vec3::alt_select_match_false: 1900 19 0 0 0
bench_vec3::alt_select_match_true: 1600 16 0 0 0
bench_vec3::angle_between: 38980 307 70 0 0
bench_vec3::angle_to: 33800 267 56 0 0
bench_vec3::any_orthonormal_pair_neg: 12820 113 20 0 0
bench_vec3::any_orthonormal_pair_pos: 12780 112 20 0 0
bench_vec3::any_orthonormal_vector_neg: 9140 79 16 0 0
bench_vec3::any_orthonormal_vector_pos: 8980 77 16 0 0
bench_vec3::as_ivec3_neg: 6860 59 12 0 0
bench_vec3::as_ivec3_pos: 6620 56 12 0 0
bench_vec3::as_uvec3: 7430 62 15 0 0
bench_vec3::ceil_neg: 5450 47 9 0 0
bench_vec3::ceil_pos: 5450 47 9 0 0
bench_vec3::clamp_above: 5740 52 6 0 0
bench_vec3::clamp_below: 4420 40 3 0 0
bench_vec3::clamp_inside: 5670 51 6 0 0
bench_vec3::clamp_length_between: 4880 42 8 0 0
bench_vec3::clamp_length_max_clamped: 12040 101 26 0 0
bench_vec3::clamp_length_max_inside: 4510 39 7 0 0
bench_vec3::clamp_length_min_clamped: 12040 101 26 0 0
bench_vec3::clamp_length_min_inside: 4510 39 7 0 0
bench_vec3::clamp_length_shrink: 13110 111 27 0 0
bench_vec3::clamp_length_stretch: 12640 107 26 0 0
bench_vec3::cmpeq: 1800 18 0 0 0
bench_vec3::cmpge: 3840 35 3 0 0
bench_vec3::cmpgt: 3850 35 3 0 0
bench_vec3::cmple: 3850 35 3 0 0
bench_vec3::cmplt: 3840 35 3 0 0
bench_vec3::cmpne: 2100 21 0 0 0
bench_vec3::copysign_neg: 5190 46 6 0 0
bench_vec3::copysign_pos: 5000 44 6 0 0
bench_vec3::cross: 6560 56 12 0 0
bench_vec3::distance: 3640 31 6 0 0
bench_vec3::distance_squared: 2380 21 4 0 0
bench_vec3::div: 9740 83 18 0 0
bench_vec3::div_assign: 9740 83 18 0 0
bench_vec3::div_assign_scalar: 7560 63 16 0 0
bench_vec3::div_euclid_neg: 10610 92 18 0 0
bench_vec3::div_euclid_pos: 9260 77 18 0 0
bench_vec3::div_scalar: 7560 63 16 0 0
bench_vec3::dot: 2080 18 4 0 0
bench_vec3::dot_into_vec: 3300 29 4 0 0
bench_vec3::element_product: 1680 14 4 0 0
bench_vec3::element_sum: 2500 21 4 0 0
bench_vec3::floor_neg: 3930 33 9 0 0
bench_vec3::floor_pos: 3930 33 9 0 0
bench_vec3::fract_gl_neg: 3630 30 9 0 0
bench_vec3::fract_gl_pos: 3630 30 9 0 0
bench_vec3::fract_neg: 6780 58 12 0 0
bench_vec3::fract_pos: 6700 57 12 0 0
bench_vec3::from_ivec3: 300 3 0 0 0
bench_vec3::from_uvec3: 1410 12 3 0 0
bench_vec3::index_first: 520 5 0 0 0
bench_vec3::index_last: 700 7 0 0 0
bench_vec3::is_negative_bitmask_neg: 3430 31 3 0 0
bench_vec3::is_negative_bitmask_pos: 3450 31 3 0 0
bench_vec3::is_negative_mask: 3550 32 3 0 0
bench_vec3::is_normalized_false: 4850 43 6 0 0
bench_vec3::is_normalized_true: 4740 42 6 0 0
bench_vec3::length: 3340 28 6 0 0
bench_vec3::length_recip: 5390 45 11 0 0
bench_vec3::length_squared: 2080 18 4 0 0
bench_vec3::lerp: 6860 59 12 0 0
bench_vec3::max_element_first: 1740 16 2 0 0
bench_vec3::max_element_last: 1650 15 2 0 0
bench_vec3::max_lhs: 3830 35 3 0 0
bench_vec3::max_position_first: 1750 16 2 0 0
bench_vec3::max_position_last: 1840 17 2 0 0
bench_vec3::max_rhs: 3860 35 3 0 0
bench_vec3::midpoint: 6860 59 12 0 0
bench_vec3::min_element_first: 1740 16 2 0 0
bench_vec3::min_element_last: 1650 15 2 0 0
bench_vec3::min_lhs: 3830 35 3 0 0
bench_vec3::min_position_first: 1750 16 2 0 0
bench_vec3::min_position_last: 1840 17 2 0 0
bench_vec3::min_rhs: 3860 35 3 0 0
bench_vec3::move_towards_far: 14960 126 32 0 0
bench_vec3::move_towards_near: 6830 58 13 0 0
bench_vec3::mul: 5960 50 12 0 0
bench_vec3::mul_add: 6560 56 12 0 0
bench_vec3::mul_assign: 5960 50 12 0 0
bench_vec3::mul_assign_scalar: 5960 50 12 0 0
bench_vec3::mul_scalar: 5960 50 12 0 0
bench_vec3::neg: 900 9 0 0 0
bench_vec3::normalize: 8720 72 20 0 0
bench_vec3::normalize_and_length_none: 4070 36 5 0 0
bench_vec3::normalize_and_length_some: 9790 82 21 0 0
bench_vec3::normalize_or_none: 3870 34 5 0 0
bench_vec3::normalize_or_some: 9220 77 20 0 0
bench_vec3::normalize_or_zero: 9220 77 20 0 0
bench_vec3::project_onto: 13050 111 26 0 0
bench_vec3::project_onto_normalized: 8040 68 16 0 0
bench_vec3::recip: 8230 70 15 0 0
bench_vec3::reflect: 9680 83 18 0 0
bench_vec3::refract_through: 17070 145 35 0 0
bench_vec3::refract_total: 8030 70 13 0 0
bench_vec3::reject_from: 13650 117 26 0 0
bench_vec3::reject_from_normalized: 8640 74 16 0 0
bench_vec3::rem: 8250 70 15 0 0
bench_vec3::rem_assign: 8250 70 15 0 0
bench_vec3::rem_assign_scalar: 8170 69 15 0 0
bench_vec3::rem_euclid_neg: 8930 77 15 0 0
bench_vec3::rem_euclid_pos: 8150 68 15 0 0
bench_vec3::rem_scalar: 8170 69 15 0 0
bench_vec3::rotate_x: 35880 282 70 0 0
bench_vec3::rotate_y: 35880 282 70 0 0
bench_vec3::rotate_z: 35880 282 70 0 0
bench_vec3::round_neg: 7480 65 12 0 0
bench_vec3::round_pos: 7500 65 12 0 0
bench_vec3::select_false: 1900 19 0 0 0
bench_vec3::select_true: 1600 16 0 0 0
bench_vec3::signum_neg: 3530 32 3 0 0
bench_vec3::signum_pos: 3560 32 3 0 0
bench_vec3::signum_zero: 3560 32 3 0 0
bench_vec3::sub: 3440 29 6 0 0
bench_vec3::sub_assign: 3440 29 6 0 0
bench_vec3::sub_assign_scalar: 3440 29 6 0 0
bench_vec3::sub_scalar: 3440 29 6 0 0
bench_vec3::trunc_neg: 6990 60 12 0 0
bench_vec3::trunc_pos: 6820 58 12 0 0
bench_vec3::try_normalize_none: 3670 32 5 0 0
bench_vec3::try_normalize_some: 9020 75 20 0 0
