# bench: l2_gas steps range_check bitwise other_builtins
bench_wide::acc_add_fixed: 1480 12 4 0 0
bench_wide::acc_add_partial: 1480 12 4 0 0
bench_wide::acc_dot16: 5200 48 4 0 0
bench_wide::acc_dot3: 1680 14 4 0 0
bench_wide::acc_dot6: 2280 20 4 0 0
bench_wide::acc_from_wide: 1280 10 4 0 0
bench_wide::acc_misc: 3300 29 4 0 0
bench_wide::acc_mul_narrow: 1480 12 4 0 0
bench_wide::acc_neg_partial: 1380 11 4 0 0
bench_wide::acc_sqrt: 4860 41 8 0 0
bench_wide::acc_sub_fixed: 1480 12 4 0 0
bench_wide::acc_sub_partial: 1480 12 4 0 0
bench_wide::acc_sub_prod: 1480 12 4 0 0
bench_wide::alt_det3_cross_dot: 8640 74 16 0 0
bench_wide::alt_div_nearest_shared4_recip: 18970 163 32 0 0
bench_wide::alt_dot3_unfused: 7540 63 16 0 0
bench_wide::alt_is_unit3_narrowed: 4240 37 6 0 0
bench_wide::alt_mul_sub_unfused: 5120 43 10 0 0
bench_wide::alt_norm3_via_squared: 5020 42 10 0 0
bench_wide::alt_normalize3_div: 13200 111 24 0 0
bench_wide::alt_normalize3_recip_mul: 10930 91 23 0 0
bench_wide::alt_triple_single_downcast: 2350 20 5 0 0
bench_wide::alt_triple_two_stage: 4380 37 8 0 0
bench_wide::alt_w16_dot16: 57610 501 69 0 0
bench_wide::alt_w16_dot3: 15210 130 22 0 0
bench_wide::alt_w16_dot6: 24010 207 31 0 0
bench_wide::composite_cross: 8270 64 12 0 0
bench_wide::composite_distance3: 5320 38 6 0 0
bench_wide::composite_dot3: 4410 33 4 0 0
bench_wide::composite_length3: 4520 32 6 0 0
bench_wide::composite_mat3_determinant: 5510 44 4 0 0
bench_wide::composite_mat3_inverse: 39430 327 80 0 0
bench_wide::composite_mat3_mul_mat3: 24070 204 36 0 0
bench_wide::composite_mat3_mul_vec3: 9470 76 12 0 0
bench_wide::composite_mat4_mul_mat4: 43010 375 64 0 0
bench_wide::composite_normalize3: 10130 77 20 0 0
bench_wide::composite_quat_mul: 12050 99 16 0 0
bench_wide::composite_quat_rotate: 11170 93 12 0 0
bench_wide::composite_try_normalize3: 10330 79 20 0 0
bench_wide::det3: 3800 34 4 0 0
bench_wide::distance2: 3340 28 6 0 0
bench_wide::distance2_squared: 2080 18 4 0 0
bench_wide::distance3: 3640 31 6 0 0
bench_wide::distance3_squared: 2380 21 4 0 0
bench_wide::distance4: 3940 34 6 0 0
bench_wide::distance4_squared: 3600 32 4 0 0
bench_wide::div_nearest_each2: 7910 68 12 0 0
bench_wide::div_nearest_each3: 11410 98 18 0 0
bench_wide::div_nearest_each4: 14910 128 24 0 0
bench_wide::div_nearest_each9: 32380 278 54 0 0
bench_wide::div_nearest_shared2: 7960 69 11 0 0
bench_wide::div_nearest_shared3: 10900 94 16 0 0
bench_wide::div_nearest_shared4: 13840 119 21 0 0
bench_wide::div_nearest_shared9: 28510 244 46 0 0
bench_wide::dot2: 1880 16 4 0 0
bench_wide::dot2_add: 2080 18 4 0 0
bench_wide::dot3: 2080 18 4 0 0
bench_wide::dot3_add: 2280 20 4 0 0
bench_wide::dot4: 2280 20 4 0 0
bench_wide::is_unit2_false: 2730 24 3 0 0
bench_wide::is_unit2_true: 3970 35 5 0 0
bench_wide::is_unit3_false: 2930 26 3 0 0
bench_wide::is_unit3_true: 4170 37 5 0 0
bench_wide::is_unit4_false: 3130 28 3 0 0
bench_wide::is_unit4_true: 4370 39 5 0 0
bench_wide::mul_add: 1880 16 4 0 0
bench_wide::mul_sub: 1880 16 4 0 0
bench_wide::norm2: 2220 18 6 0 0
bench_wide::norm2_squared: 1880 16 4 0 0
bench_wide::norm2_wide: 2220 18 6 0 0
bench_wide::norm3: 3340 28 6 0 0
bench_wide::norm3_squared: 2080 18 4 0 0
bench_wide::norm3_wide: 3340 28 6 0 0
bench_wide::norm4: 3540 30 6 0 0
bench_wide::norm4_squared: 2280 20 4 0 0
bench_wide::norm4_wide: 3540 30 6 0 0
bench_wide::norm_is_zero: 2250 19 5 0 0
bench_wide::normalize2: 6940 57 16 0 0
bench_wide::normalize3: 8720 72 20 0 0
bench_wide::normalize4: 10500 87 24 0 0
bench_wide::recip_mul: 6820 57 14 0 0
bench_wide::recip_nearest_div: 8600 74 13 0 0
bench_wide::recip_nearest_new: 4740 42 6 0 0
bench_wide::recip_new: 4400 37 8 0 0
bench_wide::triple_sum16: 2180 19 4 0 0
bench_wide::typed_acc_sqrt: 1920 15 6 0 0
bench_wide::typed_add_fixed: 1480 12 4 0 0
bench_wide::typed_dot16: 5200 48 4 0 0
bench_wide::typed_dot6: 2280 20 4 0 0
bench_wide::typed_mul_narrow: 1480 12 4 0 0
bench_wide::wide_add: 1880 16 4 0 0
bench_wide::wide_from: 1880 16 4 0 0
bench_wide::wide_lift: 1980 17 4 0 0
bench_wide::wide_mul_fixed: 1680 14 4 0 0
bench_wide::wide_mul_narrow: 1680 14 4 0 0
bench_wide::wide_neg: 1780 15 4 0 0
bench_wide::wide_sqrt: 2320 19 6 0 0
bench_wide::wide_sub: 1880 16 4 0 0
bench_wide::wide_sum16: 2180 19 4 0 0
