# bench: l2_gas steps range_check bitwise other_builtins
bench_wide::alt_det3_cross_dot: 8640 74 16 0 0
bench_wide::alt_dot3_unfused: 7540 63 16 0 0
bench_wide::alt_mul_sub_unfused: 5120 43 10 0 0
bench_wide::alt_norm3_via_squared: 5020 42 10 0 0
bench_wide::alt_normalize3_div: 11790 99 24 0 0
bench_wide::alt_normalize3_recip_mul: 10560 88 23 0 0
bench_wide::alt_triple_single_downcast: 2350 20 5 0 0
bench_wide::alt_triple_two_stage: 4380 37 8 0 0
bench_wide::composite_cross: 8270 64 12 0 0
bench_wide::composite_distance3: 5320 38 6 0 0
bench_wide::composite_dot3: 4410 33 4 0 0
bench_wide::composite_length3: 4520 32 6 0 0
bench_wide::composite_mat3_determinant: 5510 44 4 0 0
bench_wide::composite_mat3_inverse: 39430 327 80 0 0
bench_wide::composite_mat3_mul_mat3: 24070 204 36 0 0
bench_wide::composite_mat3_mul_vec3: 9470 76 12 0 0
bench_wide::composite_mat4_mul_mat4: 43010 375 64 0 0
bench_wide::composite_normalize3: 10130 77 20 0 0
bench_wide::composite_quat_mul: 12050 99 16 0 0
bench_wide::composite_quat_rotate: 11170 93 12 0 0
bench_wide::composite_try_normalize3: 10330 79 20 0 0
bench_wide::det3: 3800 34 4 0 0
bench_wide::distance2: 3340 28 6 0 0
bench_wide::distance2_squared: 2080 18 4 0 0
bench_wide::distance3: 3640 31 6 0 0
bench_wide::distance3_squared: 2380 21 4 0 0
bench_wide::distance4: 3940 34 6 0 0
bench_wide::distance4_squared: 3600 32 4 0 0
bench_wide::dot2: 1880 16 4 0 0
bench_wide::dot2_add: 2080 18 4 0 0
bench_wide::dot3: 2080 18 4 0 0
bench_wide::dot3_add: 2280 20 4 0 0
bench_wide::dot4: 2280 20 4 0 0
bench_wide::mul_add: 1880 16 4 0 0
bench_wide::mul_sub: 1880 16 4 0 0
bench_wide::norm2: 2220 18 6 0 0
bench_wide::norm2_squared: 1880 16 4 0 0
bench_wide::norm2_wide: 2220 18 6 0 0
bench_wide::norm3: 3340 28 6 0 0
bench_wide::norm3_squared: 2080 18 4 0 0
bench_wide::norm3_wide: 3340 28 6 0 0
bench_wide::norm4: 3540 30 6 0 0
bench_wide::norm4_squared: 2280 20 4 0 0
bench_wide::norm4_wide: 3540 30 6 0 0
bench_wide::norm_is_zero: 2250 19 5 0 0
bench_wide::normalize2: 6940 57 16 0 0
bench_wide::normalize3: 8720 72 20 0 0
bench_wide::normalize4: 10500 87 24 0 0
bench_wide::recip_mul: 6820 57 14 0 0
bench_wide::recip_new: 4400 37 8 0 0
bench_wide::triple_sum16: 2180 19 4 0 0
bench_wide::wide_add: 1880 16 4 0 0
bench_wide::wide_from: 1880 16 4 0 0
bench_wide::wide_lift: 1980 17 4 0 0
bench_wide::wide_mul_fixed: 1680 14 4 0 0
bench_wide::wide_mul_narrow: 1680 14 4 0 0
bench_wide::wide_neg: 1780 15 4 0 0
bench_wide::wide_sqrt: 2320 19 6 0 0
bench_wide::wide_sub: 1880 16 4 0 0
bench_wide::wide_sum16: 2180 19 4 0 0
